Component: ARM Compiler 6.16 Tool: armlink [5dfeaa00]

==============================================================================

Section Cross References

    ir_sensor.o(.ARM.exidx.text.init_ir) refers to ir_sensor.o(.text.init_ir) for [Anonymous Symbol]
    ir_sensor.o(.ARM.exidx.text.read_ir) refers to ir_sensor.o(.text.read_ir) for [Anonymous Symbol]
    ir_sensor.o(.text.init_ir_array) refers to ir_sensor.o(.text.init_ir) for init_ir
    ir_sensor.o(.ARM.exidx.text.init_ir_array) refers to ir_sensor.o(.text.init_ir_array) for [Anonymous Symbol]
    ir_sensor.o(.text.get_angle) refers to ir_sensor.o(.text.read_ir) for read_ir
    ir_sensor.o(.text.get_angle) refers to dflti.o(.text) for __aeabi_ui2d
    ir_sensor.o(.text.get_angle) refers to ddiv.o(.text) for __aeabi_ddiv
    ir_sensor.o(.text.get_angle) refers to daddsub.o(.text) for __aeabi_dadd
    ir_sensor.o(.text.get_angle) refers to dmul.o(.text) for __aeabi_dmul
    ir_sensor.o(.ARM.exidx.text.get_angle) refers to ir_sensor.o(.text.get_angle) for [Anonymous Symbol]
    main.o(.text.set_turn_pwm) refers to ddiv.o(.text) for __aeabi_ddiv
    main.o(.text.set_turn_pwm) refers to dmul.o(.text) for __aeabi_dmul
    main.o(.text.set_turn_pwm) refers to dfixi.o(.text) for __aeabi_d2iz
    main.o(.text.set_turn_pwm) refers to dcmp.o(i._dgeq) for __aeabi_dcmpge
    main.o(.text.set_turn_pwm) refers to motor.o(.text.Set_Forward) for Set_Forward
    main.o(.text.set_turn_pwm) refers to leds.o(.text.control_RGB_LEDs) for control_RGB_LEDs
    main.o(.text.set_turn_pwm) refers to motor.o(.text.Set_Reverse) for Set_Reverse
    main.o(.ARM.exidx.text.set_turn_pwm) refers to main.o(.text.set_turn_pwm) for [Anonymous Symbol]
    main.o(.text.main) refers to leds.o(.text.init_RGB_LEDs) for init_RGB_LEDs
    main.o(.text.main) refers to adc.o(.text.Init_ADC) for Init_ADC
    main.o(.text.main) refers to motor.o(.text.Init_Drive_Motor) for Init_Drive_Motor
    main.o(.text.main) refers to timers.o(.text.Init_PWM) for Init_PWM
    main.o(.text.main) refers to adc.o(.text.Get_Position) for Get_Position
    main.o(.text.main) refers to dcmp.o(i._dgeq) for __aeabi_dcmpge
    main.o(.text.main) refers to motor.o(.text.Set_Stop) for Set_Stop
    main.o(.text.main) refers to daddsub.o(.text) for __aeabi_dsub
    main.o(.text.main) refers to dfixi.o(.text) for __aeabi_d2iz
    main.o(.text.main) refers to sprintf.o(.text) for sprintf
    main.o(.text.main) refers to dcmp.o(i._dls) for __aeabi_dcmplt
    main.o(.text.main) refers to dcmp.o(i._dleq) for __aeabi_dcmple
    main.o(.text.main) refers to main.o(.text.set_turn_pwm) for set_turn_pwm
    main.o(.text.main) refers to main.o(.rodata.str1.1) for [Anonymous Symbol]
    main.o(.ARM.exidx.text.main) refers to main.o(.text.main) for [Anonymous Symbol]
    leds.o(.text.init_RGB_LEDs) refers to leds.o(.text.control_RGB_LEDs) for control_RGB_LEDs
    leds.o(.ARM.exidx.text.init_RGB_LEDs) refers to leds.o(.text.init_RGB_LEDs) for [Anonymous Symbol]
    leds.o(.ARM.exidx.text.control_RGB_LEDs) refers to leds.o(.text.control_RGB_LEDs) for [Anonymous Symbol]
    leds.o(.ARM.exidx.text.toggle_RGB_LEDs) refers to leds.o(.text.toggle_RGB_LEDs) for [Anonymous Symbol]
    adc.o(.ARM.exidx.text.Init_ADC) refers to adc.o(.text.Init_ADC) for [Anonymous Symbol]
    adc.o(.text.Get_Position) refers to dflti.o(.text) for __aeabi_ui2d
    adc.o(.text.Get_Position) refers to ddiv.o(.text) for __aeabi_ddiv
    adc.o(.text.Get_Position) refers to dmul.o(.text) for __aeabi_dmul
    adc.o(.text.Get_Position) refers to daddsub.o(.text) for __aeabi_dadd
    adc.o(.ARM.exidx.text.Get_Position) refers to adc.o(.text.Get_Position) for [Anonymous Symbol]
    motor.o(.ARM.exidx.text.Init_Drive_Motor) refers to motor.o(.text.Init_Drive_Motor) for [Anonymous Symbol]
    motor.o(.text.Set_Stop) refers to timers.o(.text.Set_PWM_Value_Ch1) for Set_PWM_Value_Ch1
    motor.o(.ARM.exidx.text.Set_Stop) refers to motor.o(.text.Set_Stop) for [Anonymous Symbol]
    motor.o(.text.Set_Forward) refers to timers.o(.text.Set_PWM_Value_Ch1) for Set_PWM_Value_Ch1
    motor.o(.ARM.exidx.text.Set_Forward) refers to motor.o(.text.Set_Forward) for [Anonymous Symbol]
    motor.o(.text.Set_Reverse) refers to timers.o(.text.Set_PWM_Value_Ch1) for Set_PWM_Value_Ch1
    motor.o(.ARM.exidx.text.Set_Reverse) refers to motor.o(.text.Set_Reverse) for [Anonymous Symbol]
    timers.o(.ARM.exidx.text.Init_PWM) refers to timers.o(.text.Init_PWM) for [Anonymous Symbol]
    timers.o(.text.Set_PWM_Value_Ch0) refers to aeabi_sdiv.o(.text) for __aeabi_uidiv
    timers.o(.ARM.exidx.text.Set_PWM_Value_Ch0) refers to timers.o(.text.Set_PWM_Value_Ch0) for [Anonymous Symbol]
    timers.o(.text.Set_PWM_Value_Ch1) refers to aeabi_sdiv.o(.text) for __aeabi_uidiv
    timers.o(.ARM.exidx.text.Set_PWM_Value_Ch1) refers to timers.o(.text.Set_PWM_Value_Ch1) for [Anonymous Symbol]
    timers.o(.ARM.exidx.text.Set_PWM_Servo) refers to timers.o(.text.Set_PWM_Servo) for [Anonymous Symbol]
[...]
    ../clib/armsys.c                         0x00000000   Number         0  no_argv.o ABSOLUTE
    ../clib/bigflt.c                         0x00000000   Number         0  bigflt0.o ABSOLUTE
    ../clib/btod.c                           0x00000000   Number         0  btod.o ABSOLUTE
    ../clib/btod_accurate.c                  0x00000000   Number         0  btod_accurate.o ABSOLUTE
    ../clib/btod_accurate.c                  0x00000000   Number         0  btod_accurate_common.o ABSOLUTE
    ../clib/division.c                       0x00000000   Number         0  lludiv10.o ABSOLUTE
    ../clib/division.c                       0x00000000   Number         0  rtudiv10.o ABSOLUTE
    ../clib/division.s                       0x00000000   Number         0  aeabi_sdiv.o ABSOLUTE
    ../clib/division.s                       0x00000000   Number         0  aeabi_sdiv_div0.o ABSOLUTE
    ../clib/heapalloc.c                      0x00000000   Number         0  hrguard.o ABSOLUTE
    ../clib/heapaux.c                        0x00000000   Number         0  heapauxi.o ABSOLUTE
    ../clib/libinit.s                        0x00000000   Number         0  libinit.o ABSOLUTE
    ../clib/libinit.s                        0x00000000   Number         0  libinit2.o ABSOLUTE
    ../clib/libinit.s                        0x00000000   Number         0  libshutdown.o ABSOLUTE
    ../clib/libinit.s                        0x00000000   Number         0  libshutdown2.o ABSOLUTE
    ../clib/locale.c                         0x00000000   Number         0  _c16rtomb.o ABSOLUTE
    ../clib/locale.s                         0x00000000   Number         0  lc_numeric_c.o ABSOLUTE
    ../clib/locale.s                         0x00000000   Number         0  lc_ctype_c.o ABSOLUTE
    ../clib/longlong.c                       0x00000000   Number         0  llushr.o ABSOLUTE
    ../clib/misc.s                           0x00000000   Number         0  printf_stubs.o ABSOLUTE
    ../clib/printf.c                         0x00000000   Number         0  sprintf.o ABSOLUTE
    ../clib/printf.c                         0x00000000   Number         0  __printf.o ABSOLUTE
    ../clib/printf.c                         0x00000000   Number         0  _printf_pad.o ABSOLUTE
    ../clib/printf.c                         0x00000000   Number         0  _printf_truncate.o ABSOLUTE
    ../clib/printf.c                         0x00000000   Number         0  _printf_str.o ABSOLUTE
    ../clib/printf.c                         0x00000000   Number         0  _printf_dec.o ABSOLUTE
    ../clib/printf.c                         0x00000000   Number         0  _printf_charcount.o ABSOLUTE
    ../clib/printf.c                         0x00000000   Number         0  _printf_char_common.o ABSOLUTE
    ../clib/printf.c                         0x00000000   Number         0  _sputc.o ABSOLUTE
    ../clib/printf.c                         0x00000000   Number         0  _printf_wctomb.o ABSOLUTE
    ../clib/printf.c                         0x00000000   Number         0  _printf_longlong_dec.o ABSOLUTE
    ../clib/printf.c                         0x00000000   Number         0  _printf_oct_ll.o ABSOLUTE
    ../clib/printf.c                         0x00000000   Number         0  _printf_oct_int.o ABSOLUTE
    ../clib/printf.c                         0x00000000   Number         0  _printf_oct_int_ll.o ABSOLUTE
    ../clib/printf.c                         0x00000000   Number         0  _printf_hex_ll.o ABSOLUTE
    ../clib/printf.c                         0x00000000   Number         0  _printf_hex_int.o ABSOLUTE
    ../clib/printf.c                         0x00000000   Number         0  _printf_hex_int_ll.o ABSOLUTE
    ../clib/printf.c                         0x00000000   Number         0  _printf_hex_ptr.o ABSOLUTE
    ../clib/printf.c                         0x00000000   Number         0  _printf_hex_int_ptr.o ABSOLUTE
    ../clib/printf.c                         0x00000000   Number         0  _printf_hex_ll_ptr.o ABSOLUTE
    ../clib/printf.c                         0x00000000   Number         0  _printf_hex_int_ll_ptr.o ABSOLUTE
    ../clib/printf.c                         0x00000000   Number         0  __printf_flags.o ABSOLUTE
    ../clib/printf.c                         0x00000000   Number         0  __printf_ss.o ABSOLUTE
    ../clib/printf.c                         0x00000000   Number         0  __printf_flags_ss.o ABSOLUTE
    ../clib/printf.c                         0x00000000   Number         0  __printf_wp.o ABSOLUTE
    ../clib/printf.c                         0x00000000   Number         0  __printf_flags_wp.o ABSOLUTE
    ../clib/printf.c                         0x00000000   Number         0  __printf_ss_wp.o ABSOLUTE
    ../clib/printf.c                         0x00000000   Number         0  __printf_flags_ss_wp.o ABSOLUTE
    ../clib/printf.c                         0x00000000   Number         0  _printf_intcommon.o ABSOLUTE
    ../clib/printf.c                         0x00000000   Number         0  _printf_fp_dec.o ABSOLUTE
    ../clib/printf.c                         0x00000000   Number         0  _printf_fp_dec_accurate.o ABSOLUTE
    ../clib/printf.c                         0x00000000   Number         0  _printf_fp_hex.o ABSOLUTE
    ../clib/printf.c                         0x00000000   Number         0  __printf_nopercent.o ABSOLUTE
    ../clib/printf.c                         0x00000000   Number         0  _printf_char.o ABSOLUTE
    ../clib/printf.c                         0x00000000   Number         0  _printf_wchar.o ABSOLUTE
    ../clib/printf.c                         0x00000000   Number         0  _printf_fp_infnan.o ABSOLUTE
    ../clib/printf_percent.s                 0x00000000   Number         0  _printf_c.o ABSOLUTE
    ../clib/printf_percent.s                 0x00000000   Number         0  _printf_s.o ABSOLUTE
    ../clib/printf_percent.s                 0x00000000   Number         0  _printf_n.o ABSOLUTE
    ../clib/printf_percent.s                 0x00000000   Number         0  _printf_x.o ABSOLUTE
    ../clib/printf_percent.s                 0x00000000   Number         0  _printf_p.o ABSOLUTE
    ../clib/printf_percent.s                 0x00000000   Number         0  _printf_o.o ABSOLUTE
    ../clib/printf_percent.s                 0x00000000   Number         0  _printf_i.o ABSOLUTE
    ../clib/printf_percent.s                 0x00000000   Number         0  _printf_d.o ABSOLUTE
    ../clib/printf_percent.s                 0x00000000   Number         0  _printf_u.o ABSOLUTE
    ../clib/printf_percent.s                 0x00000000   Number         0  _printf_f.o ABSOLUTE
    ../clib/printf_percent.s                 0x00000000   Number         0  _printf_e.o ABSOLUTE
    ../clib/printf_percent.s                 0x00000000   Number         0  _printf_g.o ABSOLUTE
    ../clib/printf_percent.s                 0x00000000   Number         0  _printf_a.o ABSOLUTE
    ../clib/printf_percent.s                 0x00000000   Number         0  _printf_percent.o ABSOLUTE
    ../clib/printf_percent.s                 0x00000000   Number         0  _printf_lli.o ABSOLUTE
    ../clib/printf_percent.s                 0x00000000   Number         0  _printf_lld.o ABSOLUTE
    ../clib/printf_percent.s                 0x00000000   Number         0  _printf_llu.o ABSOLUTE
    ../clib/printf_percent.s                 0x00000000   Number         0  _printf_ll.o ABSOLUTE
    ../clib/printf_percent.s                 0x00000000   Number         0  _printf_l.o ABSOLUTE
    ../clib/printf_percent.s                 0x00000000   Number         0  _printf_lc.o ABSOLUTE
    ../clib/printf_percent.s                 0x00000000   Number         0  _printf_ls.o ABSOLUTE
    ../clib/printf_percent.s                 0x00000000   Number         0  _printf_llo.o ABSOLUTE
    ../clib/printf_percent.s                 0x00000000   Number         0  _printf_llx.o ABSOLUTE
    ../clib/printf_percent.s                 0x00000000   Number         0  _printf_percent_end.o ABSOLUTE
    ../clib/signal.c                         0x00000000   Number         0  defsig_fpe_outer.o ABSOLUTE
    ../clib/signal.c                         0x00000000   Number         0  defsig_fpe_formal.o ABSOLUTE
    ../clib/signal.c                         0x00000000   Number         0  defsig_exit.o ABSOLUTE
    ../clib/signal.c                         0x00000000   Number         0  defsig_fpe_inner.o ABSOLUTE
    ../clib/signal.c                         0x00000000   Number         0  __raise.o ABSOLUTE
    ../clib/signal.c                         0x00000000   Number         0  defsig_general.o ABSOLUTE
    ../clib/signal.c                         0x00000000   Number         0  defsig_abrt_inner.o ABSOLUTE
    ../clib/signal.c                         0x00000000   Number         0  defsig_rtred_inner.o ABSOLUTE
    ../clib/signal.c                         0x00000000   Number         0  defsig_rtmem_inner.o ABSOLUTE
    ../clib/signal.c                         0x00000000   Number         0  defsig_rtmem_outer.o ABSOLUTE
    ../clib/signal.c                         0x00000000   Number         0  defsig_rtmem_formal.o ABSOLUTE
    ../clib/signal.c                         0x00000000   Number         0  defsig_stak_inner.o ABSOLUTE
    ../clib/signal.c                         0x00000000   Number         0  defsig_pvfn_inner.o ABSOLUTE
    ../clib/signal.c                         0x00000000   Number         0  defsig_cppl_inner.o ABSOLUTE
    ../clib/signal.c                         0x00000000   Number         0  defsig_segv_inner.o ABSOLUTE
    ../clib/signal.c                         0x00000000   Number         0  defsig_other.o ABSOLUTE
    ../clib/signal.s                         0x00000000   Number         0  defsig.o ABSOLUTE
    ../clib/stdlib.c                         0x00000000   Number         0  exit.o ABSOLUTE
    ../clib/string.c                         0x00000000   Number         0  strcmp.o ABSOLUTE
    ../fplib/cfplib/cmp.c                    0x00000000   Number         0  dcmp.o ABSOLUTE
    ../fplib/cfplib/cmpret.c                 0x00000000   Number         0  cmpret.o ABSOLUTE
    ../fplib/cfplib/daddsub.c                0x00000000   Number         0  daddsub.o ABSOLUTE
    ../fplib/cfplib/dcmpin.c                 0x00000000   Number         0  dcmpin.o ABSOLUTE
    ../fplib/cfplib/ddiv.c                   0x00000000   Number         0  ddiv.o ABSOLUTE
    ../fplib/cfplib/dmul.c                   0x00000000   Number         0  dmul.o ABSOLUTE
    ../fplib/cfplib/ffix.c                   0x00000000   Number         0  dfixi.o ABSOLUTE
    ../fplib/cfplib/fflt.c                   0x00000000   Number         0  dflti.o ABSOLUTE
    ../fplib/cfplib/fpinit.c                 0x00000000   Number         0  fpinit.o ABSOLUTE
    ../fplib/cfplib/ieee_status.c            0x00000000   Number         0  ieee_status.o ABSOLUTE
    ../fplib/cfplib/nan2.c                   0x00000000   Number         0  dnan2.o ABSOLUTE
    ../fplib/cfplib/retnan.c                 0x00000000   Number         0  retnan.o ABSOLUTE
    ../fplib/deqf6m.s                        0x00000000   Number         0  deqf.o ABSOLUTE
    ../fplib/dgeqf6m.s                       0x00000000   Number         0  dgef.o ABSOLUTE
    ../fplib/dleqf6m.s                       0x00000000   Number         0  dlef.o ABSOLUTE
    ../fplib/printf1.s                       0x00000000   Number         0  printf1.o ABSOLUTE
    ../fplib/printf2.s                       0x00000000   Number         0  printf2.o ABSOLUTE
    ../fplib/printf2a.s                      0x00000000   Number         0  printf2a.o ABSOLUTE
    ../fplib/printf2b.s                      0x00000000   Number         0  printf2b.o ABSOLUTE
    ../fplib/usenofp.s                       0x00000000   Number         0  usenofp.o ABSOLUTE
    ../mathlib/fpclassify.c                  0x00000000   Number         0  fpclassify.o ABSOLUTE
    LCD_4bit.c                               0x00000000   Number         0  lcd_4bit.o ABSOLUTE
    LEDs.c                                   0x00000000   Number         0  leds.o ABSOLUTE
    RTE/Device/MKL25Z128xxx4/startup_MKL25Z4.s 0x00000000   Number         0  startup_mkl25z4.o ABSOLUTE
    adc.c                                    0x00000000   Number         0  adc.o ABSOLUTE
    dc.s                                     0x00000000   Number         0  dc.o ABSOLUTE
    delay.c                                  0x00000000   Number         0  delay.o ABSOLUTE
    ir_sensor.c                              0x00000000   Number         0  ir_sensor.o ABSOLUTE
    main.c                                   0x00000000   Number         0  main.o ABSOLUTE
    motor.c                                  0x00000000   Number         0  motor.o ABSOLUTE
    system_MKL25Z4.c                         0x00000000   Number         0  system_mkl25z4.o ABSOLUTE
    timers.c                                 0x00000000   Number         0  timers.o ABSOLUTE
    RESET                                    0x00000000   Section      192  startup_mkl25z4.o(RESET)
    !!!main                                  0x000000c0   Section        8  __main.o(!!!main)
    !!!scatter                               0x000000c8   Section       60  __scatter.o(!!!scatter)
    !!handler_zi                             0x00000104   Section       28  __scatter_zi.o(!!handler_zi)
    .ARM.Collect$$_printf_percent$$00000000  0x00000120   Section        2  _printf_percent.o(.ARM.Collect$$_printf_percent$$00000000)
    .ARM.Collect$$_printf_percent$$00000001  0x00000122   Section       10  _printf_n.o(.ARM.Collect$$_printf_percent$$00000001)
    .ARM.Collect$$_printf_percent$$00000002  0x0000012c   Section       10  _printf_p.o(.ARM.Collect$$_printf_percent$$00000002)
    .ARM.Collect$$_printf_percent$$00000003  0x00000136   Section       10  _printf_f.o(.ARM.Collect$$_printf_percent$$00000003)
    .ARM.Collect$$_printf_percent$$00000004  0x00000140   Section       10  _printf_e.o(.ARM.Collect$$_printf_percent$$00000004)
    .ARM.Collect$$_printf_percent$$00000005  0x0000014a   Section       10  _printf_g.o(.ARM.Collect$$_printf_percent$$00000005)
    .ARM.Collect$$_printf_percent$$00000006  0x00000154   Section       10  _printf_a.o(.ARM.Collect$$_printf_percent$$00000006)
    .ARM.Collect$$_printf_percent$$00000007  0x0000015e   Section       10  _printf_ll.o(.ARM.Collect$$_printf_percent$$00000007)
    .ARM.Collect$$_printf_percent$$00000008  0x00000168   Section       10  _printf_i.o(.ARM.Collect$$_printf_percent$$00000008)
    .ARM.Collect$$_printf_percent$$00000009  0x00000172   Section       10  _printf_d.o(.ARM.Collect$$_printf_percent$$00000009)
    .ARM.Collect$$_printf_percent$$0000000A  0x0000017c   Section       10  _printf_u.o(.ARM.Collect$$_printf_percent$$0000000A)
    .ARM.Collect$$_printf_percent$$0000000B  0x00000186   Section       10  _printf_o.o(.ARM.Collect$$_printf_percent$$0000000B)
    .ARM.Collect$$_printf_percent$$0000000C  0x00000190   Section       10  _printf_x.o(.ARM.Collect$$_printf_percent$$0000000C)
    .ARM.Collect$$_printf_percent$$0000000D  0x0000019a   Section       10  _printf_lli.o(.ARM.Collect$$_printf_percent$$0000000D)
    .ARM.Collect$$_printf_percent$$0000000E  0x000001a4   Section       10  _printf_lld.o(.ARM.Collect$$_printf_percent$$0000000E)
    .ARM.Collect$$_printf_percent$$0000000F  0x000001ae   Section       10  _printf_llu.o(.ARM.Collect$$_printf_percent$$0000000F)
    .ARM.Collect$$_printf_percent$$00000010  0x000001b8   Section       10  _printf_llo.o(.ARM.Collect$$_printf_percent$$00000010)
    .ARM.Collect$$_printf_percent$$00000011  0x000001c2   Section       10  _printf_llx.o(.ARM.Collect$$_printf_percent$$00000011)
    .ARM.Collect$$_printf_percent$$00000012  0x000001cc   Section       10  _printf_l.o(.ARM.Collect$$_printf_percent$$00000012)
    .ARM.Collect$$_printf_percent$$00000013  0x000001d6   Section       10  _printf_c.o(.ARM.Collect$$_printf_percent$$00000013)
    .ARM.Collect$$_printf_percent$$00000014  0x000001e0   Section       10  _printf_s.o(.ARM.Collect$$_printf_percent$$00000014)
    .ARM.Collect$$_printf_percent$$00000015  0x000001ea   Section       10  _printf_lc.o(.ARM.Collect$$_printf_percent$$00000015)
    .ARM.Collect$$_printf_percent$$00000016  0x000001f4   Section       10  _printf_ls.o(.ARM.Collect$$_printf_percent$$00000016)
    .ARM.Collect$$_printf_percent$$00000017  0x000001fe   Section        4  _printf_percent_end.o(.ARM.Collect$$_printf_percent$$00000017)
    .ARM.Collect$$libinit$$00000000          0x00000202   Section        2  libinit.o(.ARM.Collect$$libinit$$00000000)
    .ARM.Collect$$libinit$$00000002          0x00000204   Section        0  libinit2.o(.ARM.Collect$$libinit$$00000002)
    .ARM.Collect$$libinit$$00000004          0x00000204   Section        0  libinit2.o(.ARM.Collect$$libinit$$00000004)
    .ARM.Collect$$libinit$$0000000A          0x00000204   Section        0  libinit2.o(.ARM.Collect$$libinit$$0000000A)
    .ARM.Collect$$libinit$$0000000C          0x00000204   Section        0  libinit2.o(.ARM.Collect$$libinit$$0000000C)
    .ARM.Collect$$libinit$$0000000E          0x00000204   Section        0  libinit2.o(.ARM.Collect$$libinit$$0000000E)
    .ARM.Collect$$libinit$$0000000F          0x00000204   Section        6  libinit2.o(.ARM.Collect$$libinit$$0000000F)
    .ARM.Collect$$libinit$$00000011          0x0000020a   Section        0  libinit2.o(.ARM.Collect$$libinit$$00000011)
    .ARM.Collect$$libinit$$00000012          0x0000020a   Section       12  libinit2.o(.ARM.Collect$$libinit$$00000012)
    .ARM.Collect$$libinit$$00000013          0x00000216   Section        0  libinit2.o(.ARM.Collect$$libinit$$00000013)
    .ARM.Collect$$libinit$$00000015          0x00000216   Section        0  libinit2.o(.ARM.Collect$$libinit$$00000015)
    .ARM.Collect$$libinit$$00000016          0x00000216   Section       10  libinit2.o(.ARM.Collect$$libinit$$00000016)
    .ARM.Collect$$libinit$$00000017          0x00000220   Section        0  libinit2.o(.ARM.Collect$$libinit$$00000017)
    .ARM.Collect$$libinit$$00000019          0x00000220   Section        0  libinit2.o(.ARM.Collect$$libinit$$00000019)
    .ARM.Collect$$libinit$$0000001B          0x00000220   Section        0  libinit2.o(.ARM.Collect$$libinit$$0000001B)
    .ARM.Collect$$libinit$$0000001D          0x00000220   Section        0  libinit2.o(.ARM.Collect$$libinit$$0000001D)
    .ARM.Collect$$libinit$$0000001F          0x00000220   Section        0  libinit2.o(.ARM.Collect$$libinit$$0000001F)
    .ARM.Collect$$libinit$$00000021          0x00000220   Section        0  libinit2.o(.ARM.Collect$$libinit$$00000021)
    .ARM.Collect$$libinit$$00000023          0x00000220   Section        0  libinit2.o(.ARM.Collect$$libinit$$00000023)
    .ARM.Collect$$libinit$$00000025          0x00000220   Section        0  libinit2.o(.ARM.Collect$$libinit$$00000025)
    .ARM.Collect$$libinit$$0000002C          0x00000220   Section        0  libinit2.o(.ARM.Collect$$libinit$$0000002C)
    .ARM.Collect$$libinit$$0000002E          0x00000220   Section        0  libinit2.o(.ARM.Collect$$libinit$$0000002E)
    .ARM.Collect$$libinit$$00000030          0x00000220   Section        0  libinit2.o(.ARM.Collect$$libinit$$00000030)
    .ARM.Collect$$libinit$$00000032          0x00000220   Section        0  libinit2.o(.ARM.Collect$$libinit$$00000032)
    .ARM.Collect$$libinit$$00000033          0x00000220   Section        2  libinit2.o(.ARM.Collect$$libinit$$00000033)
    .ARM.Collect$$libshutdown$$00000000      0x00000222   Section        2  libshutdown.o(.ARM.Collect$$libshutdown$$00000000)
    .ARM.Collect$$libshutdown$$00000002      0x00000224   Section        0  libshutdown2.o(.ARM.Collect$$libshutdown$$00000002)
    .ARM.Collect$$libshutdown$$00000004      0x00000224   Section        0  libshutdown2.o(.ARM.Collect$$libshutdown$$00000004)
    .ARM.Collect$$libshutdown$$00000007      0x00000224   Section        0  libshutdown2.o(.ARM.Collect$$libshutdown$$00000007)
    .ARM.Collect$$libshutdown$$0000000A      0x00000224   Section        0  libshutdown2.o(.ARM.Collect$$libshutdown$$0000000A)
    .ARM.Collect$$libshutdown$$0000000C      0x00000224   Section        0  libshutdown2.o(.ARM.Collect$$libshutdown$$0000000C)
    .ARM.Collect$$libshutdown$$0000000F      0x00000224   Section        0  libshutdown2.o(.ARM.Collect$$libshutdown$$0000000F)
    .ARM.Collect$$libshutdown$$00000010      0x00000224   Section        2  libshutdown2.o(.ARM.Collect$$libshutdown$$00000010)
    .ARM.Collect$$rtentry$$00000000          0x00000226   Section        0  __rtentry.o(.ARM.Collect$$rtentry$$00000000)
    .ARM.Collect$$rtentry$$00000002          0x00000226   Section        0  __rtentry2.o(.ARM.Collect$$rtentry$$00000002)
    .ARM.Collect$$rtentry$$00000004          0x00000226   Section        6  __rtentry4.o(.ARM.Collect$$rtentry$$00000004)
    .ARM.Collect$$rtentry$$00000009          0x0000022c   Section        0  __rtentry2.o(.ARM.Collect$$rtentry$$00000009)
    .ARM.Collect$$rtentry$$0000000A          0x0000022c   Section        4  __rtentry2.o(.ARM.Collect$$rtentry$$0000000A)
    .ARM.Collect$$rtentry$$0000000C          0x00000230   Section        0  __rtentry2.o(.ARM.Collect$$rtentry$$0000000C)
    .ARM.Collect$$rtentry$$0000000D          0x00000230   Section        8  __rtentry2.o(.ARM.Collect$$rtentry$$0000000D)
    .ARM.Collect$$rtexit$$00000000           0x00000238   Section        2  rtexit.o(.ARM.Collect$$rtexit$$00000000)
    .ARM.Collect$$rtexit$$00000002           0x0000023a   Section        0  rtexit2.o(.ARM.Collect$$rtexit$$00000002)
    .ARM.Collect$$rtexit$$00000003           0x0000023a   Section        4  rtexit2.o(.ARM.Collect$$rtexit$$00000003)
    .ARM.Collect$$rtexit$$00000004           0x0000023e   Section        6  rtexit2.o(.ARM.Collect$$rtexit$$00000004)
    .text                                    0x00000244   Section       64  startup_mkl25z4.o(.text)
    .text                                    0x00000284   Section        0  sprintf.o(.text)
    .text                                    0x000002b0   Section        0  heapauxi.o(.text)
    .text                                    0x000002b8   Section        0  dfixi.o(.text)
    .text                                    0x00000324   Section        0  dflti.o(.text)
    .text                                    0x0000037c   Section        0  _printf_pad.o(.text)
    .text                                    0x000003ca   Section        0  _printf_truncate.o(.text)
    .text                                    0x000003ee   Section        0  _sputc.o(.text)
    .text                                    0x000003f8   Section        8  rt_locale_intlibspace.o(.text)
    .ARM.__at_0x400                          0x00000400   Section       16  startup_mkl25z4.o(.ARM.__at_0x400)
    .text                                    0x00000410   Section      364  aeabi_sdiv.o(.text)
    _dadd1                                   0x0000057d   Thumb Code   290  daddsub.o(.text)
    .text                                    0x0000057c   Section        0  daddsub.o(.text)
    _dsub1                                   0x0000069f   Thumb Code   470  daddsub.o(.text)
    .text                                    0x000008d4   Section        0  ddiv.o(.text)
    .text                                    0x00000d1c   Section        0  dmul.o(.text)
    .text                                    0x00000f64   Section        0  _printf_str.o(.text)
    .text                                    0x00000fb8   Section        0  _printf_dec.o(.text)
    .text                                    0x00001024   Section        0  _printf_charcount.o(.text)
    _printf_input_char                       0x0000104d   Thumb Code    10  _printf_char_common.o(.text)
    .text                                    0x0000104c   Section        0  _printf_char_common.o(.text)
    .text                                    0x0000107c   Section        0  _printf_wctomb.o(.text)
    .text                                    0x00001138   Section        0  _printf_longlong_dec.o(.text)
    _printf_longlong_oct_internal            0x000011a9   Thumb Code     0  _printf_oct_int_ll.o(.text)
    .text                                    0x000011a8   Section        0  _printf_oct_int_ll.o(.text)
    _printf_hex_common                       0x00001219   Thumb Code     0  _printf_hex_int_ll_ptr.o(.text)
    .text                                    0x00001218   Section        0  _printf_hex_int_ll_ptr.o(.text)
    .text                                    0x000012b0   Section        0  __printf_flags_ss_wp.o(.text)
    .text                                    0x00001438   Section        0  lludiv10.o(.text)
    .text                                    0x000014b2   Section        0  _printf_intcommon.o(.text)
    _fp_digits                               0x00001565   Thumb Code   412  _printf_fp_dec.o(.text)
    .text                                    0x00001564   Section        0  _printf_fp_dec.o(.text)
    .text                                    0x00001978   Section        0  _printf_fp_hex.o(.text)
    .text                                    0x00001c50   Section        0  _printf_char.o(.text)
    .text                                    0x00001c7e   Section        0  _printf_wchar.o(.text)
    .text                                    0x00001cac   Section        0  _c16rtomb.o(.text)
    .text                                    0x00001cee   Section        0  rtudiv10.o(.text)
    .text                                    0x00001d18   Section        0  dcmpin.o(.text)
    .text                                    0x00001db8   Section       62  sys_stackheap_outer.o(.text)
    .text                                    0x00001df8   Section       16  rt_ctype_table.o(.text)
    .text                                    0x00001e08   Section        0  _printf_fp_infnan.o(.text)
    .text                                    0x00001e90   Section        0  bigflt0.o(.text)
    .text                                    0x00001f68   Section        0  btod.o(.text)
    btod_internal_mul                        0x00001fa9   Thumb Code   492  btod.o(.text)
    btod_internal_div                        0x00002195   Thumb Code   520  btod.o(.text)
    .text                                    0x000024e8   Section        0  exit.o(.text)
    .text                                    0x000024f8   Section        0  cmpret.o(.text)
    .text                                    0x00002528   Section        0  dnan2.o(.text)
    .text                                    0x0000253c   Section        8  libspace.o(.text)
    .text                                    0x00002544   Section        0  strcmp.o(.text)
    .text                                    0x000025cc   Section        0  retnan.o(.text)
    .text                                    0x0000262c   Section        0  sys_exit.o(.text)
    .text                                    0x00002638   Section        2  use_no_semi.o(.text)
    .text                                    0x0000263a   Section        0  indicate_semi.o(.text)
    [Anonymous Symbol]                       0x0000263c   Section        0  adc.o(.text.Get_Position)
    __arm_cp.1_0                             0x000026a0   Number         4  adc.o(.text.Get_Position)
    __arm_cp.1_1                             0x000026a4   Number         4  adc.o(.text.Get_Position)
    __arm_cp.1_2                             0x000026a8   Number         4  adc.o(.text.Get_Position)
    __arm_cp.1_3                             0x000026ac   Number         4  adc.o(.text.Get_Position)
    __arm_cp.1_4                             0x000026b0   Number         4  adc.o(.text.Get_Position)
    __arm_cp.1_5                             0x000026b4   Number         4  adc.o(.text.Get_Position)
    __arm_cp.1_6                             0x000026b8   Number         4  adc.o(.text.Get_Position)
    __arm_cp.1_7                             0x000026bc   Number         4  adc.o(.text.Get_Position)
    __arm_cp.1_8                             0x000026c0   Number         4  adc.o(.text.Get_Position)
    [Anonymous Symbol]                       0x000026c4   Section        0  adc.o(.text.Init_ADC)
    __arm_cp.0_1                             0x000026f4   Number         4  adc.o(.text.Init_ADC)
    __arm_cp.0_2                             0x000026f8   Number         4  adc.o(.text.Init_ADC)
    __arm_cp.0_3                             0x000026fc   Number         4  adc.o(.text.Init_ADC)
    __arm_cp.0_4                             0x00002700   Number         4  adc.o(.text.Init_ADC)
    [Anonymous Symbol]                       0x00002704   Section        0  motor.o(.text.Init_Drive_Motor)
    __arm_cp.0_1                             0x00002748   Number         4  motor.o(.text.Init_Drive_Motor)
    __arm_cp.0_3                             0x0000274c   Number         4  motor.o(.text.Init_Drive_Motor)
    __arm_cp.0_4                             0x00002750   Number         4  motor.o(.text.Init_Drive_Motor)
    [Anonymous Symbol]                       0x00002754   Section        0  timers.o(.text.Init_PWM)
    __arm_cp.0_0                             0x000027ac   Number         4  timers.o(.text.Init_PWM)
    __arm_cp.0_1                             0x000027b0   Number         4  timers.o(.text.Init_PWM)
    __arm_cp.0_2                             0x000027b4   Number         4  timers.o(.text.Init_PWM)
    __arm_cp.0_3                             0x000027b8   Number         4  timers.o(.text.Init_PWM)
    __arm_cp.0_4                             0x000027bc   Number         4  timers.o(.text.Init_PWM)
    __arm_cp.0_5                             0x000027c0   Number         4  timers.o(.text.Init_PWM)
    __arm_cp.0_7                             0x000027c4   Number         4  timers.o(.text.Init_PWM)
    __arm_cp.0_8                             0x000027c8   Number         4  timers.o(.text.Init_PWM)
    __arm_cp.0_9                             0x000027cc   Number         4  timers.o(.text.Init_PWM)
    __arm_cp.0_10                            0x000027d0   Number         4  timers.o(.text.Init_PWM)
    __arm_cp.0_11                            0x000027d4   Number         4  timers.o(.text.Init_PWM)
    [Anonymous Symbol]                       0x000027d8   Section        0  motor.o(.text.Set_Forward)
    [Anonymous Symbol]                       0x00002800   Section        0  timers.o(.text.Set_PWM_Value_Ch1)
    __arm_cp.2_0                             0x00002828   Number         4  timers.o(.text.Set_PWM_Value_Ch1)
    [Anonymous Symbol]                       0x0000282c   Section        0  motor.o(.text.Set_Reverse)
    __arm_cp.3_0                             0x00002854   Number         4  motor.o(.text.Set_Reverse)
    [Anonymous Symbol]                       0x00002858   Section        0  motor.o(.text.Set_Stop)
    __arm_cp.1_0                             0x00002874   Number         4  motor.o(.text.Set_Stop)
    [Anonymous Symbol]                       0x00002878   Section        0  system_mkl25z4.o(.text.SystemInit)
    __arm_cp.0_0                             0x00002880   Number         4  system_mkl25z4.o(.text.SystemInit)
    [Anonymous Symbol]                       0x00002884   Section        0  leds.o(.text.control_RGB_LEDs)
    __arm_cp.1_0                             0x000028e0   Number         4  leds.o(.text.control_RGB_LEDs)
    __arm_cp.1_1                             0x000028e4   Number         4  leds.o(.text.control_RGB_LEDs)
    __arm_cp.1_2                             0x000028e8   Number         4  leds.o(.text.control_RGB_LEDs)
    __arm_cp.1_3                             0x000028ec   Number         4  leds.o(.text.control_RGB_LEDs)
    [Anonymous Symbol]                       0x000028f0   Section        0  leds.o(.text.init_RGB_LEDs)
    __arm_cp.0_0                             0x00002958   Number         4  leds.o(.text.init_RGB_LEDs)
    __arm_cp.0_1                             0x0000295c   Number         4  leds.o(.text.init_RGB_LEDs)
    __arm_cp.0_2                             0x00002960   Number         4  leds.o(.text.init_RGB_LEDs)
    __arm_cp.0_3                             0x00002964   Number         4  leds.o(.text.init_RGB_LEDs)
    __arm_cp.0_4                             0x00002968   Number         4  leds.o(.text.init_RGB_LEDs)
    __arm_cp.0_5                             0x0000296c   Number         4  leds.o(.text.init_RGB_LEDs)
    __arm_cp.0_6                             0x00002970   Number         4  leds.o(.text.init_RGB_LEDs)
    [Anonymous Symbol]                       0x00002974   Section        0  main.o(.text.main)
    __arm_cp.1_0                             0x00002a84   Number         4  main.o(.text.main)
    __arm_cp.1_1                             0x00002a88   Number         4  main.o(.text.main)
    __arm_cp.1_2                             0x00002a8c   Number         4  main.o(.text.main)
    [Anonymous Symbol]                       0x00002a90   Section        0  main.o(.text.set_turn_pwm)
    __arm_cp.0_0                             0x00002afc   Number         4  main.o(.text.set_turn_pwm)
    __arm_cp.0_1                             0x00002b00   Number         4  main.o(.text.set_turn_pwm)
    i.__ARM_common_ll_muluu                  0x00002b04   Section        0  btod.o(i.__ARM_common_ll_muluu)
    i.__ARM_fpclassify                       0x00002b34   Section        0  fpclassify.o(i.__ARM_fpclassify)
    i._dgeq                                  0x00002b60   Section        0  dcmp.o(i._dgeq)
    i._dleq                                  0x00002b76   Section        0  dcmp.o(i._dleq)
    i._dls                                   0x00002b90   Section        0  dcmp.o(i._dls)
    i._is_digit                              0x00002ba6   Section        0  __printf_wp.o(i._is_digit)
    locale$$code                             0x00002bb4   Section       44  lc_numeric_c.o(locale$$code)
    locale$$code                             0x00002be0   Section       44  lc_ctype_c.o(locale$$code)
    x$fpl$dgeqf                              0x00002c0c   Section      100  dgef.o(x$fpl$dgeqf)
    x$fpl$dleqf                              0x00002c70   Section      100  dlef.o(x$fpl$dleqf)
    x$fpl$printf1                            0x00002cd4   Section       16  printf1.o(x$fpl$printf1)
    x$fpl$printf2                            0x00002ce4   Section       16  printf2.o(x$fpl$printf2)
    ddiv_reciptbl                            0x00002cf4   Data         128  ddiv.o(.constdata)
    .constdata                               0x00002cf4   Section      128  ddiv.o(.constdata)
    x$fpl$usenofp                            0x00002cf4   Section        0  usenofp.o(x$fpl$usenofp)
    initial_mbstate                          0x00002d74   Data           8  _printf_wctomb.o(.constdata)
    .constdata                               0x00002d74   Section        8  _printf_wctomb.o(.constdata)
    uc_hextab                                0x00002d7c   Data          20  _printf_hex_int_ll_ptr.o(.constdata)
    .constdata                               0x00002d7c   Section       40  _printf_hex_int_ll_ptr.o(.constdata)
    lc_hextab                                0x00002d90   Data          20  _printf_hex_int_ll_ptr.o(.constdata)
    maptable                                 0x00002da4   Data          17  __printf_flags_ss_wp.o(.constdata)
    .constdata                               0x00002da4   Section       17  __printf_flags_ss_wp.o(.constdata)
    lc_hextab                                0x00002db5   Data          19  _printf_fp_hex.o(.constdata)
    .constdata                               0x00002db5   Section       38  _printf_fp_hex.o(.constdata)
    uc_hextab                                0x00002dc8   Data          19  _printf_fp_hex.o(.constdata)
    tenpwrs_x                                0x00002ddc   Data          60  bigflt0.o(.constdata)
    .constdata                               0x00002ddc   Section      148  bigflt0.o(.constdata)
    tenpwrs_i                                0x00002e18   Data          64  bigflt0.o(.constdata)
    [Anonymous Symbol]                       0x00002e70   Section        0  main.o(.rodata.str1.1)
    locale$$data                             0x00002e88   Section       28  lc_numeric_c.o(locale$$data)
    __lcnum_c_name                           0x00002e8c   Data           2  lc_numeric_c.o(locale$$data)
    __lcnum_c_start                          0x00002e94   Data           0  lc_numeric_c.o(locale$$data)
    __lcnum_c_point                          0x00002ea0   Data           0  lc_numeric_c.o(locale$$data)
    __lcnum_c_thousands                      0x00002ea2   Data           0  lc_numeric_c.o(locale$$data)
    __lcnum_c_grouping                       0x00002ea3   Data           0  lc_numeric_c.o(locale$$data)
    __lcnum_c_end                            0x00002ea4   Data           0  lc_numeric_c.o(locale$$data)
    locale$$data                             0x00002ea4   Section      272  lc_ctype_c.o(locale$$data)
    __lcctype_c_name                         0x00002ea8   Data           2  lc_ctype_c.o(locale$$data)
    __lcctype_c_start                        0x00002eb0   Data           0  lc_ctype_c.o(locale$$data)
    __lcctype_c_end                          0x00002fb4   Data           0  lc_ctype_c.o(locale$$data)
    .bss                                     0x1ffff000   Section       96  libspace.o(.bss)
    Heap_Mem                                 0x1ffff060   Data           0  startup_mkl25z4.o(HEAP)
    Stack_Mem                                0x1ffff060   Data         256  startup_mkl25z4.o(STACK)
    HEAP                                     0x1ffff060   Section        0  startup_mkl25z4.o(HEAP)
    STACK                                    0x1ffff060   Section      256  startup_mkl25z4.o(STACK)
    __initial_sp                             0x1ffff160   Data           0  startup_mkl25z4.o(STACK)

    Global Symbols

    Symbol Name                              Value     Ov Type        Size  Object(Section)

    BuildAttributes$$THM_ISAv3M$S$PE$A:L22$X:L11$S22$IEEE1$IW$~IW$USESV6$~STKCKD$USESV7$~SHL$OTIME$ROPI$IEEEJ$EBA8$UX$STANDARDLIB$REQ8$PRES8$EABIv2 0x00000000   Number         0  anon$$obj.o ABSOLUTE
    __Vectors                                0x00000000   Data           4  startup_mkl25z4.o(RESET)
    _printf_flags                            0x00000000   Number         0  printf_stubs.o ABSOLUTE
    _printf_return_value                     0x00000000   Number         0  printf_stubs.o ABSOLUTE
    _printf_sizespec                         0x00000000   Number         0  printf_stubs.o ABSOLUTE
    _printf_widthprec                        0x00000000   Number         0  printf_stubs.o ABSOLUTE
    __ARM_exceptions_init                     - Undefined Weak Reference
    __alloca_initialize                       - Undefined Weak Reference
    __arm_preinit_                            - Undefined Weak Reference
    __cpp_initialize__aeabi_                  - Undefined Weak Reference
    __cxa_finalize                            - Undefined Weak Reference
    __sigvec_lookup                           - Undefined Weak Reference
    _atexit_init                              - Undefined Weak Reference
    _call_atexit_fns                          - Undefined Weak Reference
    _clock_init                               - Undefined Weak Reference
    _fp_trap_init                             - Undefined Weak Reference
    _fp_trap_shutdown                         - Undefined Weak Reference
    _get_lc_collate                           - Undefined Weak Reference
    _get_lc_monetary                          - Undefined Weak Reference
    _get_lc_time                              - Undefined Weak Reference
    _getenv_init                              - Undefined Weak Reference
    _handle_redirection                       - Undefined Weak Reference
    _init_alloc                               - Undefined Weak Reference
    _init_user_alloc                          - Undefined Weak Reference
    _initio                                   - Undefined Weak Reference
    _printf_mbtowc                            - Undefined Weak Reference
    _printf_wc                                - Undefined Weak Reference
    _rand_init                                - Undefined Weak Reference
    _signal_finish                            - Undefined Weak Reference
    _signal_init                              - Undefined Weak Reference
    _terminate_alloc                          - Undefined Weak Reference
    _terminate_user_alloc                     - Undefined Weak Reference
    _terminateio                              - Undefined Weak Reference
    __Vectors_End                            0x000000c0   Data           0  startup_mkl25z4.o(RESET)
    __Vectors_Size                           0x000000c0   Number         0  startup_mkl25z4.o ABSOLUTE
    __main                                   0x000000c1   Thumb Code     8  __main.o(!!!main)
    __scatterload                            0x000000c9   Thumb Code     0  __scatter.o(!!!scatter)
    __scatterload_rt2                        0x000000c9   Thumb Code    52  __scatter.o(!!!scatter)
    __scatterload_rt2_thumb_only             0x000000c9   Thumb Code     0  __scatter.o(!!!scatter)
    __scatterload_null                       0x000000d9   Thumb Code     0  __scatter.o(!!!scatter)
    __scatterload_zeroinit                   0x00000105   Thumb Code    28  __scatter_zi.o(!!handler_zi)
    _printf_percent                          0x00000121   Thumb Code     0  _printf_percent.o(.ARM.Collect$$_printf_percent$$00000000)
    _printf_n                                0x00000123   Thumb Code     0  _printf_n.o(.ARM.Collect$$_printf_percent$$00000001)
    _printf_p                                0x0000012d   Thumb Code     0  _printf_p.o(.ARM.Collect$$_printf_percent$$00000002)
    _printf_f                                0x00000137   Thumb Code     0  _printf_f.o(.ARM.Collect$$_printf_percent$$00000003)
    _printf_e                                0x00000141   Thumb Code     0  _printf_e.o(.ARM.Collect$$_printf_percent$$00000004)
    _printf_g                                0x0000014b   Thumb Code     0  _printf_g.o(.ARM.Collect$$_printf_percent$$00000005)
    _printf_a                                0x00000155   Thumb Code     0  _printf_a.o(.ARM.Collect$$_printf_percent$$00000006)
    _printf_ll                               0x0000015f   Thumb Code     0  _printf_ll.o(.ARM.Collect$$_printf_percent$$00000007)
    _printf_i                                0x00000169   Thumb Code     0  _printf_i.o(.ARM.Collect$$_printf_percent$$00000008)
    _printf_d                                0x00000173   Thumb Code     0  _printf_d.o(.ARM.Collect$$_printf_percent$$00000009)
    _printf_u                                0x0000017d   Thumb Code     0  _printf_u.o(.ARM.Collect$$_printf_percent$$0000000A)
    _printf_o                                0x00000187   Thumb Code     0  _printf_o.o(.ARM.Collect$$_printf_percent$$0000000B)
    _printf_x                                0x00000191   Thumb Code     0  _printf_x.o(.ARM.Collect$$_printf_percent$$0000000C)
    _printf_lli                              0x0000019b   Thumb Code     0  _printf_lli.o(.ARM.Collect$$_printf_percent$$0000000D)
    _printf_lld                              0x000001a5   Thumb Code     0  _printf_lld.o(.ARM.Collect$$_printf_percent$$0000000E)
    _printf_llu                              0x000001af   Thumb Code     0  _printf_llu.o(.ARM.Collect$$_printf_percent$$0000000F)
    _printf_llo                              0x000001b9   Thumb Code     0  _printf_llo.o(.ARM.Collect$$_printf_percent$$00000010)
    _printf_llx                              0x000001c3   Thumb Code     0  _printf_llx.o(.ARM.Collect$$_printf_percent$$00000011)
    _printf_l                                0x000001cd   Thumb Code     0  _printf_l.o(.ARM.Collect$$_printf_percent$$00000012)
    _printf_c                                0x000001d7   Thumb Code     0  _printf_c.o(.ARM.Collect$$_printf_percent$$00000013)
    _printf_s                                0x000001e1   Thumb Code     0  _printf_s.o(.ARM.Collect$$_printf_percent$$00000014)
    _printf_lc                               0x000001eb   Thumb Code     0  _printf_lc.o(.ARM.Collect$$_printf_percent$$00000015)
    _printf_ls                               0x000001f5   Thumb Code     0  _printf_ls.o(.ARM.Collect$$_printf_percent$$00000016)
    _printf_percent_end                      0x000001ff   Thumb Code     0  _printf_percent_end.o(.ARM.Collect$$_printf_percent$$00000017)
    __rt_lib_init                            0x00000203   Thumb Code     0  libinit.o(.ARM.Collect$$libinit$$00000000)
    __rt_lib_init_fp_1                       0x00000205   Thumb Code     0  libinit2.o(.ARM.Collect$$libinit$$00000002)
    __rt_lib_init_heap_1                     0x00000205   Thumb Code     0  libinit2.o(.ARM.Collect$$libinit$$0000000A)
    __rt_lib_init_lc_common                  0x00000205   Thumb Code     0  libinit2.o(.ARM.Collect$$libinit$$0000000F)
    __rt_lib_init_preinit_1                  0x00000205   Thumb Code     0  libinit2.o(.ARM.Collect$$libinit$$00000004)
    __rt_lib_init_rand_1                     0x00000205   Thumb Code     0  libinit2.o(.ARM.Collect$$libinit$$0000000E)
    __rt_lib_init_user_alloc_1               0x00000205   Thumb Code     0  libinit2.o(.ARM.Collect$$libinit$$0000000C)
    __rt_lib_init_lc_collate_1               0x0000020b   Thumb Code     0  libinit2.o(.ARM.Collect$$libinit$$00000011)
    __rt_lib_init_lc_ctype_2                 0x0000020b   Thumb Code     0  libinit2.o(.ARM.Collect$$libinit$$00000012)
    __rt_lib_init_lc_ctype_1                 0x00000217   Thumb Code     0  libinit2.o(.ARM.Collect$$libinit$$00000013)
    __rt_lib_init_lc_monetary_1              0x00000217   Thumb Code     0  libinit2.o(.ARM.Collect$$libinit$$00000015)
    __rt_lib_init_lc_numeric_2               0x00000217   Thumb Code     0  libinit2.o(.ARM.Collect$$libinit$$00000016)
    __rt_lib_init_alloca_1                   0x00000221   Thumb Code     0  libinit2.o(.ARM.Collect$$libinit$$0000002E)
    __rt_lib_init_argv_1                     0x00000221   Thumb Code     0  libinit2.o(.ARM.Collect$$libinit$$0000002C)
    __rt_lib_init_atexit_1                   0x00000221   Thumb Code     0  libinit2.o(.ARM.Collect$$libinit$$0000001B)
    __rt_lib_init_clock_1                    0x00000221   Thumb Code     0  libinit2.o(.ARM.Collect$$libinit$$00000021)
    __rt_lib_init_cpp_1                      0x00000221   Thumb Code     0  libinit2.o(.ARM.Collect$$libinit$$00000032)
    __rt_lib_init_exceptions_1               0x00000221   Thumb Code     0  libinit2.o(.ARM.Collect$$libinit$$00000030)
    __rt_lib_init_fp_trap_1                  0x00000221   Thumb Code     0  libinit2.o(.ARM.Collect$$libinit$$0000001F)
    __rt_lib_init_getenv_1                   0x00000221   Thumb Code     0  libinit2.o(.ARM.Collect$$libinit$$00000023)
    __rt_lib_init_lc_numeric_1               0x00000221   Thumb Code     0  libinit2.o(.ARM.Collect$$libinit$$00000017)
    __rt_lib_init_lc_time_1                  0x00000221   Thumb Code     0  libinit2.o(.ARM.Collect$$libinit$$00000019)
    __rt_lib_init_return                     0x00000221   Thumb Code     0  libinit2.o(.ARM.Collect$$libinit$$00000033)
    __rt_lib_init_signal_1                   0x00000221   Thumb Code     0  libinit2.o(.ARM.Collect$$libinit$$0000001D)
    __rt_lib_init_stdio_1                    0x00000221   Thumb Code     0  libinit2.o(.ARM.Collect$$libinit$$00000025)
    __rt_lib_shutdown                        0x00000223   Thumb Code     0  libshutdown.o(.ARM.Collect$$libshutdown$$00000000)
    __rt_lib_shutdown_cpp_1                  0x00000225   Thumb Code     0  libshutdown2.o(.ARM.Collect$$libshutdown$$00000002)
    __rt_lib_shutdown_fp_trap_1              0x00000225   Thumb Code     0  libshutdown2.o(.ARM.Collect$$libshutdown$$00000007)
    __rt_lib_shutdown_heap_1                 0x00000225   Thumb Code     0  libshutdown2.o(.ARM.Collect$$libshutdown$$0000000F)
    __rt_lib_shutdown_return                 0x00000225   Thumb Code     0  libshutdown2.o(.ARM.Collect$$libshutdown$$00000010)
    __rt_lib_shutdown_signal_1               0x00000225   Thumb Code     0  libshutdown2.o(.ARM.Collect$$libshutdown$$0000000A)
    __rt_lib_shutdown_stdio_1                0x00000225   Thumb Code     0  libshutdown2.o(.ARM.Collect$$libshutdown$$00000004)
    __rt_lib_shutdown_user_alloc_1           0x00000225   Thumb Code     0  libshutdown2.o(.ARM.Collect$$libshutdown$$0000000C)
    __rt_entry                               0x00000227   Thumb Code     0  __rtentry.o(.ARM.Collect$$rtentry$$00000000)
    __rt_entry_presh_1                       0x00000227   Thumb Code     0  __rtentry2.o(.ARM.Collect$$rtentry$$00000002)
    __rt_entry_sh                            0x00000227   Thumb Code     0  __rtentry4.o(.ARM.Collect$$rtentry$$00000004)
    __rt_entry_li                            0x0000022d   Thumb Code     0  __rtentry2.o(.ARM.Collect$$rtentry$$0000000A)
    __rt_entry_postsh_1                      0x0000022d   Thumb Code     0  __rtentry2.o(.ARM.Collect$$rtentry$$00000009)
    __rt_entry_main                          0x00000231   Thumb Code     0  __rtentry2.o(.ARM.Collect$$rtentry$$0000000D)
    __rt_entry_postli_1                      0x00000231   Thumb Code     0  __rtentry2.o(.ARM.Collect$$rtentry$$0000000C)
    __rt_exit                                0x00000239   Thumb Code     0  rtexit.o(.ARM.Collect$$rtexit$$00000000)
    __rt_exit_ls                             0x0000023b   Thumb Code     0  rtexit2.o(.ARM.Collect$$rtexit$$00000003)
    __rt_exit_prels_1                        0x0000023b   Thumb Code     0  rtexit2.o(.ARM.Collect$$rtexit$$00000002)
    __rt_exit_exit                           0x0000023f   Thumb Code     0  rtexit2.o(.ARM.Collect$$rtexit$$00000004)
    Reset_Handler                            0x00000245   Thumb Code    12  startup_mkl25z4.o(.text)
    NMI_Handler                              0x00000251   Thumb Code     2  startup_mkl25z4.o(.text)
    HardFault_Handler                        0x00000253   Thumb Code     2  startup_mkl25z4.o(.text)
    SVC_Handler                              0x00000255   Thumb Code     2  startup_mkl25z4.o(.text)
    PendSV_Handler                           0x00000257   Thumb Code     2  startup_mkl25z4.o(.text)
    SysTick_Handler                          0x00000259   Thumb Code     2  startup_mkl25z4.o(.text)
    ADC0_IRQHandler                          0x0000025b   Thumb Code     0  startup_mkl25z4.o(.text)
    CMP0_IRQHandler                          0x0000025b   Thumb Code     0  startup_mkl25z4.o(.text)
    DAC0_IRQHandler                          0x0000025b   Thumb Code     0  startup_mkl25z4.o(.text)
    DMA0_IRQHandler                          0x0000025b   Thumb Code     0  startup_mkl25z4.o(.text)
    DMA1_IRQHandler                          0x0000025b   Thumb Code     0  startup_mkl25z4.o(.text)
    DMA2_IRQHandler                          0x0000025b   Thumb Code     0  startup_mkl25z4.o(.text)
    DMA3_IRQHandler                          0x0000025b   Thumb Code     0  startup_mkl25z4.o(.text)
    DefaultISR                               0x0000025b   Thumb Code     0  startup_mkl25z4.o(.text)
    FTFA_IRQHandler                          0x0000025b   Thumb Code     0  startup_mkl25z4.o(.text)
    I2C0_IRQHandler                          0x0000025b   Thumb Code     0  startup_mkl25z4.o(.text)
    I2C1_IRQHandler                          0x0000025b   Thumb Code     0  startup_mkl25z4.o(.text)
    LLWU_IRQHandler                          0x0000025b   Thumb Code     0  startup_mkl25z4.o(.text)
    LPTMR0_IRQHandler                        0x0000025b   Thumb Code     0  startup_mkl25z4.o(.text)
    LVD_LVW_IRQHandler                       0x0000025b   Thumb Code     0  startup_mkl25z4.o(.text)
    MCG_IRQHandler                           0x0000025b   Thumb Code     0  startup_mkl25z4.o(.text)
    PIT_IRQHandler                           0x0000025b   Thumb Code     0  startup_mkl25z4.o(.text)
    PORTA_IRQHandler                         0x0000025b   Thumb Code     0  startup_mkl25z4.o(.text)
    PORTD_IRQHandler                         0x0000025b   Thumb Code     0  startup_mkl25z4.o(.text)
    RTC_IRQHandler                           0x0000025b   Thumb Code     0  startup_mkl25z4.o(.text)
    RTC_Seconds_IRQHandler                   0x0000025b   Thumb Code     0  startup_mkl25z4.o(.text)
    Reserved20_IRQHandler                    0x0000025b   Thumb Code     0  startup_mkl25z4.o(.text)
    Reserved39_IRQHandler                    0x0000025b   Thumb Code     0  startup_mkl25z4.o(.text)
    Reserved45_IRQHandler                    0x0000025b   Thumb Code     0  startup_mkl25z4.o(.text)
    SPI0_IRQHandler                          0x0000025b   Thumb Code     0  startup_mkl25z4.o(.text)
    SPI1_IRQHandler                          0x0000025b   Thumb Code     0  startup_mkl25z4.o(.text)
    TPM0_IRQHandler                          0x0000025b   Thumb Code     0  startup_mkl25z4.o(.text)
    TPM1_IRQHandler                          0x0000025b   Thumb Code     0  startup_mkl25z4.o(.text)
    TPM2_IRQHandler                          0x0000025b   Thumb Code     0  startup_mkl25z4.o(.text)
    TSI0_IRQHandler                          0x0000025b   Thumb Code     0  startup_mkl25z4.o(.text)
    UART0_IRQHandler                         0x0000025b   Thumb Code     0  startup_mkl25z4.o(.text)
    UART1_IRQHandler                         0x0000025b   Thumb Code     0  startup_mkl25z4.o(.text)
    UART2_IRQHandler                         0x0000025b   Thumb Code     0  startup_mkl25z4.o(.text)
    USB0_IRQHandler                          0x0000025b   Thumb Code     0  startup_mkl25z4.o(.text)
    __user_initial_stackheap                 0x00000261   Thumb Code     0  startup_mkl25z4.o(.text)
    sprintf                                  0x00000285   Thumb Code    40  sprintf.o(.text)
    __use_two_region_memory                  0x000002b1   Thumb Code     2  heapauxi.o(.text)
    __rt_heap_escrow$2region                 0x000002b3   Thumb Code     2  heapauxi.o(.text)
    __rt_heap_expand$2region                 0x000002b5   Thumb Code     2  heapauxi.o(.text)
    __aeabi_d2iz                             0x000002b9   Thumb Code     0  dfixi.o(.text)
    _dfix                                    0x000002b9   Thumb Code    98  dfixi.o(.text)
    __aeabi_i2d_normalise                    0x00000325   Thumb Code    66  dflti.o(.text)
    __aeabi_i2d                              0x00000367   Thumb Code    16  dflti.o(.text)
    _dflt                                    0x00000367   Thumb Code     0  dflti.o(.text)
    __aeabi_ui2d                             0x00000377   Thumb Code     6  dflti.o(.text)
    _dfltu                                   0x00000377   Thumb Code     0  dflti.o(.text)
    _printf_pre_padding                      0x0000037d   Thumb Code    44  _printf_pad.o(.text)
    _printf_post_padding                     0x000003a9   Thumb Code    34  _printf_pad.o(.text)
    _printf_truncate_signed                  0x000003cb   Thumb Code    18  _printf_truncate.o(.text)
    _printf_truncate_unsigned                0x000003dd   Thumb Code    18  _printf_truncate.o(.text)
    _sputc                                   0x000003ef   Thumb Code    10  _sputc.o(.text)
    __rt_locale                              0x000003f9   Thumb Code     8  rt_locale_intlibspace.o(.text)
    __aeabi_uidiv                            0x00000411   Thumb Code     0  aeabi_sdiv.o(.text)
    __aeabi_uidivmod                         0x00000411   Thumb Code    20  aeabi_sdiv.o(.text)
    __aeabi_idiv                             0x00000425   Thumb Code     0  aeabi_sdiv.o(.text)
    __aeabi_idivmod                          0x00000425   Thumb Code   338  aeabi_sdiv.o(.text)
    __aeabi_dadd                             0x00000875   Thumb Code     0  daddsub.o(.text)
    _dadd                                    0x00000875   Thumb Code    26  daddsub.o(.text)
    __aeabi_dsub                             0x0000088f   Thumb Code     0  daddsub.o(.text)
    _dsub                                    0x0000088f   Thumb Code    22  daddsub.o(.text)
    __aeabi_drsub                            0x000008a5   Thumb Code     0  daddsub.o(.text)
    _drsb                                    0x000008a5   Thumb Code    28  daddsub.o(.text)
    __aeabi_ddiv                             0x000008d5   Thumb Code     0  ddiv.o(.text)
    _ddiv                                    0x000008d5   Thumb Code  1072  ddiv.o(.text)
    _drdiv                                   0x00000d05   Thumb Code    20  ddiv.o(.text)
    __aeabi_dmul                             0x00000d1d   Thumb Code     0  dmul.o(.text)
    _dmul                                    0x00000d1d   Thumb Code   558  dmul.o(.text)
    _printf_str                              0x00000f65   Thumb Code    82  _printf_str.o(.text)
    _printf_int_dec                          0x00000fb9   Thumb Code    90  _printf_dec.o(.text)
    _printf_charcount                        0x00001025   Thumb Code    38  _printf_charcount.o(.text)
    _printf_char_common                      0x00001057   Thumb Code    32  _printf_char_common.o(.text)
    _printf_wctomb                           0x0000107d   Thumb Code   182  _printf_wctomb.o(.text)
    _printf_longlong_dec                     0x00001139   Thumb Code    94  _printf_longlong_dec.o(.text)
    _printf_longlong_oct                     0x000011a9   Thumb Code    68  _printf_oct_int_ll.o(.text)
    _printf_int_oct                          0x000011ed   Thumb Code    24  _printf_oct_int_ll.o(.text)
    _printf_ll_oct                           0x00001205   Thumb Code    10  _printf_oct_int_ll.o(.text)
    _printf_longlong_hex                     0x00001219   Thumb Code    88  _printf_hex_int_ll_ptr.o(.text)
    _printf_int_hex                          0x00001271   Thumb Code    28  _printf_hex_int_ll_ptr.o(.text)
    _printf_ll_hex                           0x0000128d   Thumb Code    10  _printf_hex_int_ll_ptr.o(.text)
    _printf_hex_ptr                          0x00001297   Thumb Code    22  _printf_hex_int_ll_ptr.o(.text)
    __printf                                 0x000012b1   Thumb Code   386  __printf_flags_ss_wp.o(.text)
    _ll_udiv10                               0x00001439   Thumb Code   122  lludiv10.o(.text)
    _printf_int_common                       0x000014b3   Thumb Code   176  _printf_intcommon.o(.text)
    _printf_fp_dec_real                      0x00001701   Thumb Code   620  _printf_fp_dec.o(.text)
    _printf_fp_hex_real                      0x00001979   Thumb Code   718  _printf_fp_hex.o(.text)
    _printf_cs_common                        0x00001c51   Thumb Code    22  _printf_char.o(.text)
    _printf_char                             0x00001c67   Thumb Code    16  _printf_char.o(.text)
    _printf_string                           0x00001c77   Thumb Code     8  _printf_char.o(.text)
    _printf_lcs_common                       0x00001c7f   Thumb Code    22  _printf_wchar.o(.text)
    _printf_wchar                            0x00001c95   Thumb Code    16  _printf_wchar.o(.text)
    _printf_wstring                          0x00001ca5   Thumb Code     8  _printf_wchar.o(.text)
    _c16rtomb                                0x00001cad   Thumb Code    66  _c16rtomb.o(.text)
    _wcrtomb                                 0x00001cad   Thumb Code     0  _c16rtomb.o(.text)
    __rt_udiv10                              0x00001cef   Thumb Code    40  rtudiv10.o(.text)
    __fpl_dcmp_InfNaN                        0x00001d19   Thumb Code   154  dcmpin.o(.text)
    __user_setup_stackheap                   0x00001db9   Thumb Code    62  sys_stackheap_outer.o(.text)
    __rt_ctype_table                         0x00001df9   Thumb Code    16  rt_ctype_table.o(.text)
    _printf_fp_infnan                        0x00001e09   Thumb Code   120  _printf_fp_infnan.o(.text)
    _btod_etento                             0x00001e91   Thumb Code   210  bigflt0.o(.text)
    _btod_d2e                                0x00001f69   Thumb Code    64  btod.o(.text)
    _btod_emul                               0x0000239d   Thumb Code    28  btod.o(.text)
    _btod_emuld                              0x000023b9   Thumb Code   144  btod.o(.text)
    _btod_ediv                               0x00002449   Thumb Code    26  btod.o(.text)
    _btod_edivd                              0x00002463   Thumb Code   124  btod.o(.text)
    exit                                     0x000024e9   Thumb Code    16  exit.o(.text)
    __fpl_cmpreturn                          0x000024f9   Thumb Code    46  cmpret.o(.text)
    __fpl_dcheck_NaN2                        0x00002529   Thumb Code    14  dnan2.o(.text)
    __user_libspace                          0x0000253d   Thumb Code     8  libspace.o(.text)
    __user_perproc_libspace                  0x0000253d   Thumb Code     0  libspace.o(.text)
    __user_perthread_libspace                0x0000253d   Thumb Code     0  libspace.o(.text)
    strcmp                                   0x00002545   Thumb Code   132  strcmp.o(.text)
    __fpl_return_NaN                         0x000025cd   Thumb Code    94  retnan.o(.text)
    _sys_exit                                0x0000262d   Thumb Code     8  sys_exit.o(.text)
    __I$use$semihosting                      0x00002639   Thumb Code     0  use_no_semi.o(.text)
    __use_no_semihosting_swi                 0x00002639   Thumb Code     2  use_no_semi.o(.text)
    __semihosting_library_function           0x0000263b   Thumb Code     0  indicate_semi.o(.text)
    Get_Position                             0x0000263d   Thumb Code   100  adc.o(.text.Get_Position)
    Init_ADC                                 0x000026c5   Thumb Code    48  adc.o(.text.Init_ADC)
    Init_Drive_Motor                         0x00002705   Thumb Code    68  motor.o(.text.Init_Drive_Motor)
    Init_PWM                                 0x00002755   Thumb Code    88  timers.o(.text.Init_PWM)
    Set_Forward                              0x000027d9   Thumb Code    40  motor.o(.text.Set_Forward)
    Set_PWM_Value_Ch1                        0x00002801   Thumb Code    40  timers.o(.text.Set_PWM_Value_Ch1)
    Set_Reverse                              0x0000282d   Thumb Code    40  motor.o(.text.Set_Reverse)
    Set_Stop                                 0x00002859   Thumb Code    28  motor.o(.text.Set_Stop)
    SystemInit                               0x00002879   Thumb Code     8  system_mkl25z4.o(.text.SystemInit)
    control_RGB_LEDs                         0x00002885   Thumb Code    92  leds.o(.text.control_RGB_LEDs)
    init_RGB_LEDs                            0x000028f1   Thumb Code   104  leds.o(.text.init_RGB_LEDs)
    main                                     0x00002975   Thumb Code   272  main.o(.text.main)
    set_turn_pwm                             0x00002a91   Thumb Code   108  main.o(.text.set_turn_pwm)
    __ARM_common_ll_muluu                    0x00002b05   Thumb Code    48  btod.o(i.__ARM_common_ll_muluu)
    __ARM_fpclassify                         0x00002b35   Thumb Code    40  fpclassify.o(i.__ARM_fpclassify)
    __aeabi_dcmpge                           0x00002b61   Thumb Code     0  dcmp.o(i._dgeq)
    _dgeq                                    0x00002b61   Thumb Code    22  dcmp.o(i._dgeq)
    __aeabi_dcmple                           0x00002b77   Thumb Code     0  dcmp.o(i._dleq)
    _dleq                                    0x00002b77   Thumb Code    26  dcmp.o(i._dleq)
    __aeabi_dcmplt                           0x00002b91   Thumb Code     0  dcmp.o(i._dls)
    _dls                                     0x00002b91   Thumb Code    22  dcmp.o(i._dls)
    _is_digit                                0x00002ba7   Thumb Code    14  __printf_wp.o(i._is_digit)
    _get_lc_numeric                          0x00002bb5   Thumb Code    44  lc_numeric_c.o(locale$$code)
    _get_lc_ctype                            0x00002be1   Thumb Code    44  lc_ctype_c.o(locale$$code)
    _dcmpge                                  0x00002c0d   Thumb Code    94  dgef.o(x$fpl$dgeqf)
    __aeabi_cdcmple                          0x00002c71   Thumb Code     0  dlef.o(x$fpl$dleqf)
    _dcmple                                  0x00002c71   Thumb Code    94  dlef.o(x$fpl$dleqf)
    _printf_fp_dec                           0x00002cd5   Thumb Code    16  printf1.o(x$fpl$printf1)
    _printf_fp_hex                           0x00002ce5   Thumb Code    16  printf2.o(x$fpl$printf2)
    __I$use$fp                               0x00002cf4   Number         0  usenofp.o(x$fpl$usenofp)
    Region$$Table$$Base                      0x00002e78   Number         0  anon$$obj.o(Region$$Table)
    Region$$Table$$Limit                     0x00002e88   Number         0  anon$$obj.o(Region$$Table)
    __ctype                                  0x00002eb1   Data           0  lc_ctype_c.o(locale$$data)
    __libspace_start                         0x1ffff000   Data          96  libspace.o(.bss)
    __temporary_stack_top$libspace           0x1ffff060   Data           0  libspace.o(.bss)



==============================================================================

Memory Map of the image

  Image Entry point : 0x00000245

  Load Region LR_1 (Base: 0x00000000, Size: 0x00002fb4, Max: 0xffffffff, ABSOLUTE)

    Execution Region ER_RO (Exec base: 0x00000000, Load base: 0x00000000, Size: 0x00002fb4, Max: 0xffffffff, ABSOLUTE)

    Exec Addr    Load Addr    Size         Type   Attr      Idx    E Section Name        Object

    0x00000000   0x00000000   0x000000c0   Data   RO          124    RESET               startup_mkl25z4.o
    0x000000c0   0x000000c0   0x00000008   Code   RO          156  * !!!main             c_p.l(__main.o)
    0x000000c8   0x000000c8   0x0000003c   Code   RO          524    !!!scatter          c_p.l(__scatter.o)
    0x00000104   0x00000104   0x0000001c   Code   RO          526    !!handler_zi        c_p.l(__scatter_zi.o)
    0x00000120   0x00000120   0x00000002   Code   RO          267    .ARM.Collect$$_printf_percent$$00000000  c_p.l(_printf_percent.o)
    0x00000122   0x00000122   0x0000000a   Code   RO          256    .ARM.Collect$$_printf_percent$$00000001  c_p.l(_printf_n.o)
    0x0000012c   0x0000012c   0x0000000a   Code   RO          258    .ARM.Collect$$_printf_percent$$00000002  c_p.l(_printf_p.o)
    0x00000136   0x00000136   0x0000000a   Code   RO          263    .ARM.Collect$$_printf_percent$$00000003  c_p.l(_printf_f.o)
    0x00000140   0x00000140   0x0000000a   Code   RO          264    .ARM.Collect$$_printf_percent$$00000004  c_p.l(_printf_e.o)
    0x0000014a   0x0000014a   0x0000000a   Code   RO          265    .ARM.Collect$$_printf_percent$$00000005  c_p.l(_printf_g.o)
    0x00000154   0x00000154   0x0000000a   Code   RO          266    .ARM.Collect$$_printf_percent$$00000006  c_p.l(_printf_a.o)
    0x0000015e   0x0000015e   0x0000000a   Code   RO          271    .ARM.Collect$$_printf_percent$$00000007  c_p.l(_printf_ll.o)
    0x00000168   0x00000168   0x0000000a   Code   RO          260    .ARM.Collect$$_printf_percent$$00000008  c_p.l(_printf_i.o)
    0x00000172   0x00000172   0x0000000a   Code   RO          261    .ARM.Collect$$_printf_percent$$00000009  c_p.l(_printf_d.o)
    0x0000017c   0x0000017c   0x0000000a   Code   RO          262    .ARM.Collect$$_printf_percent$$0000000A  c_p.l(_printf_u.o)
    0x00000186   0x00000186   0x0000000a   Code   RO          259    .ARM.Collect$$_printf_percent$$0000000B  c_p.l(_printf_o.o)
    0x00000190   0x00000190   0x0000000a   Code   RO          257    .ARM.Collect$$_printf_percent$$0000000C  c_p.l(_printf_x.o)
    0x0000019a   0x0000019a   0x0000000a   Code   RO          268    .ARM.Collect$$_printf_percent$$0000000D  c_p.l(_printf_lli.o)
    0x000001a4   0x000001a4   0x0000000a   Code   RO          269    .ARM.Collect$$_printf_percent$$0000000E  c_p.l(_printf_lld.o)
    0x000001ae   0x000001ae   0x0000000a   Code   RO          270    .ARM.Collect$$_printf_percent$$0000000F  c_p.l(_printf_llu.o)
    0x000001b8   0x000001b8   0x0000000a   Code   RO          275    .ARM.Collect$$_printf_percent$$00000010  c_p.l(_printf_llo.o)
    0x000001c2   0x000001c2   0x0000000a   Code   RO          276    .ARM.Collect$$_printf_percent$$00000011  c_p.l(_printf_llx.o)
    0x000001cc   0x000001cc   0x0000000a   Code   RO          272    .ARM.Collect$$_printf_percent$$00000012  c_p.l(_printf_l.o)
    0x000001d6   0x000001d6   0x0000000a   Code   RO          254    .ARM.Collect$$_printf_percent$$00000013  c_p.l(_printf_c.o)
    0x000001e0   0x000001e0   0x0000000a   Code   RO          255    .ARM.Collect$$_printf_percent$$00000014  c_p.l(_printf_s.o)
    0x000001ea   0x000001ea   0x0000000a   Code   RO          273    .ARM.Collect$$_printf_percent$$00000015  c_p.l(_printf_lc.o)
    0x000001f4   0x000001f4   0x0000000a   Code   RO          274    .ARM.Collect$$_printf_percent$$00000016  c_p.l(_printf_ls.o)
    0x000001fe   0x000001fe   0x00000004   Code   RO          326    .ARM.Collect$$_printf_percent$$00000017  c_p.l(_printf_percent_end.o)
    0x00000202   0x00000202   0x00000002   Code   RO          368    .ARM.Collect$$libinit$$00000000  c_p.l(libinit.o)
    0x00000204   0x00000204   0x00000000   Code   RO          397    .ARM.Collect$$libinit$$00000002  c_p.l(libinit2.o)
    0x00000204   0x00000204   0x00000000   Code   RO          399    .ARM.Collect$$libinit$$00000004  c_p.l(libinit2.o)
    0x00000204   0x00000204   0x00000000   Code   RO          402    .ARM.Collect$$libinit$$0000000A  c_p.l(libinit2.o)
    0x00000204   0x00000204   0x00000000   Code   RO          404    .ARM.Collect$$libinit$$0000000C  c_p.l(libinit2.o)
    0x00000204   0x00000204   0x00000000   Code   RO          406    .ARM.Collect$$libinit$$0000000E  c_p.l(libinit2.o)
    0x00000204   0x00000204   0x00000006   Code   RO          407    .ARM.Collect$$libinit$$0000000F  c_p.l(libinit2.o)
    0x0000020a   0x0000020a   0x00000000   Code   RO          409    .ARM.Collect$$libinit$$00000011  c_p.l(libinit2.o)
    0x0000020a   0x0000020a   0x0000000c   Code   RO          410    .ARM.Collect$$libinit$$00000012  c_p.l(libinit2.o)
    0x00000216   0x00000216   0x00000000   Code   RO          411    .ARM.Collect$$libinit$$00000013  c_p.l(libinit2.o)
    0x00000216   0x00000216   0x00000000   Code   RO          413    .ARM.Collect$$libinit$$00000015  c_p.l(libinit2.o)
    0x00000216   0x00000216   0x0000000a   Code   RO          414    .ARM.Collect$$libinit$$00000016  c_p.l(libinit2.o)
    0x00000220   0x00000220   0x00000000   Code   RO          415    .ARM.Collect$$libinit$$00000017  c_p.l(libinit2.o)
    0x00000220   0x00000220   0x00000000   Code   RO          417    .ARM.Collect$$libinit$$00000019  c_p.l(libinit2.o)
    0x00000220   0x00000220   0x00000000   Code   RO          419    .ARM.Collect$$libinit$$0000001B  c_p.l(libinit2.o)
    0x00000220   0x00000220   0x00000000   Code   RO          421    .ARM.Collect$$libinit$$0000001D  c_p.l(libinit2.o)
    0x00000220   0x00000220   0x00000000   Code   RO          423    .ARM.Collect$$libinit$$0000001F  c_p.l(libinit2.o)
    0x00000220   0x00000220   0x00000000   Code   RO          425    .ARM.Collect$$libinit$$00000021  c_p.l(libinit2.o)
    0x00000220   0x00000220   0x00000000   Code   RO          427    .ARM.Collect$$libinit$$00000023  c_p.l(libinit2.o)
    0x00000220   0x00000220   0x00000000   Code   RO          429    .ARM.Collect$$libinit$$00000025  c_p.l(libinit2.o)
    0x00000220   0x00000220   0x00000000   Code   RO          433    .ARM.Collect$$libinit$$0000002C  c_p.l(libinit2.o)
    0x00000220   0x00000220   0x00000000   Code   RO          435    .ARM.Collect$$libinit$$0000002E  c_p.l(libinit2.o)
    0x00000220   0x00000220   0x00000000   Code   RO          437    .ARM.Collect$$libinit$$00000030  c_p.l(libinit2.o)
    0x00000220   0x00000220   0x00000000   Code   RO          439    .ARM.Collect$$libinit$$00000032  c_p.l(libinit2.o)
    0x00000220   0x00000220   0x00000002   Code   RO          440    .ARM.Collect$$libinit$$00000033  c_p.l(libinit2.o)
    0x00000222   0x00000222   0x00000002   Code   RO          479    .ARM.Collect$$libshutdown$$00000000  c_p.l(libshutdown.o)
    0x00000224   0x00000224   0x00000000   Code   RO          507    .ARM.Collect$$libshutdown$$00000002  c_p.l(libshutdown2.o)
    0x00000224   0x00000224   0x00000000   Code   RO          509    .ARM.Collect$$libshutdown$$00000004  c_p.l(libshutdown2.o)
    0x00000224   0x00000224   0x00000000   Code   RO          512    .ARM.Collect$$libshutdown$$00000007  c_p.l(libshutdown2.o)
    0x00000224   0x00000224   0x00000000   Code   RO          515    .ARM.Collect$$libshutdown$$0000000A  c_p.l(libshutdown2.o)
    0x00000224   0x00000224   0x00000000   Code   RO          517    .ARM.Collect$$libshutdown$$0000000C  c_p.l(libshutdown2.o)
    0x00000224   0x00000224   0x00000000   Code   RO          520    .ARM.Collect$$libshutdown$$0000000F  c_p.l(libshutdown2.o)
    0x00000224   0x00000224   0x00000002   Code   RO          521    .ARM.Collect$$libshutdown$$00000010  c_p.l(libshutdown2.o)
    0x00000226   0x00000226   0x00000000   Code   RO          181    .ARM.Collect$$rtentry$$00000000  c_p.l(__rtentry.o)
    0x00000226   0x00000226   0x00000000   Code   RO          293    .ARM.Collect$$rtentry$$00000002  c_p.l(__rtentry2.o)
    0x00000226   0x00000226   0x00000006   Code   RO          305    .ARM.Collect$$rtentry$$00000004  c_p.l(__rtentry4.o)
    0x0000022c   0x0000022c   0x00000000   Code   RO          295    .ARM.Collect$$rtentry$$00000009  c_p.l(__rtentry2.o)
    0x0000022c   0x0000022c   0x00000004   Code   RO          296    .ARM.Collect$$rtentry$$0000000A  c_p.l(__rtentry2.o)
    0x00000230   0x00000230   0x00000000   Code   RO          298    .ARM.Collect$$rtentry$$0000000C  c_p.l(__rtentry2.o)
    0x00000230   0x00000230   0x00000008   Code   RO          299    .ARM.Collect$$rtentry$$0000000D  c_p.l(__rtentry2.o)
    0x00000238   0x00000238   0x00000002   Code   RO          381    .ARM.Collect$$rtexit$$00000000  c_p.l(rtexit.o)
    0x0000023a   0x0000023a   0x00000000   Code   RO          448    .ARM.Collect$$rtexit$$00000002  c_p.l(rtexit2.o)
    0x0000023a   0x0000023a   0x00000004   Code   RO          449    .ARM.Collect$$rtexit$$00000003  c_p.l(rtexit2.o)
    0x0000023e   0x0000023e   0x00000006   Code   RO          450    .ARM.Collect$$rtexit$$00000004  c_p.l(rtexit2.o)
    0x00000244   0x00000244   0x00000040   Code   RO          126  * .text               startup_mkl25z4.o
    0x00000284   0x00000284   0x0000002c   Code   RO          148    .text               c_p.l(sprintf.o)
    0x000002b0   0x000002b0   0x00000006   Code   RO          154    .text               c_p.l(heapauxi.o)
    0x000002b6   0x000002b6   0x00000002   PAD
    0x000002b8   0x000002b8   0x0000006c   Code   RO          175    .text               fz_ps.l(dfixi.o)
    0x00000324   0x00000324   0x00000058   Code   RO          177    .text               fz_ps.l(dflti.o)
    0x0000037c   0x0000037c   0x0000004e   Code   RO          188    .text               c_p.l(_printf_pad.o)
    0x000003ca   0x000003ca   0x00000024   Code   RO          190    .text               c_p.l(_printf_truncate.o)
    0x000003ee   0x000003ee   0x0000000a   Code   RO          200    .text               c_p.l(_sputc.o)
    0x000003f8   0x000003f8   0x00000008   Code   RO          341    .text               c_p.l(rt_locale_intlibspace.o)
    0x00000400   0x00000400   0x00000010   Code   RO          125    .ARM.__at_0x400     startup_mkl25z4.o
    0x00000410   0x00000410   0x0000016c   Code   RO          150    .text               c_p.l(aeabi_sdiv.o)
    0x0000057c   0x0000057c   0x00000358   Code   RO          158    .text               fz_ps.l(daddsub.o)
    0x000008d4   0x000008d4   0x00000448   Code   RO          172    .text               fz_ps.l(ddiv.o)
    0x00000d1c   0x00000d1c   0x00000248   Code   RO          179    .text               fz_ps.l(dmul.o)
    0x00000f64   0x00000f64   0x00000052   Code   RO          192    .text               c_p.l(_printf_str.o)
    0x00000fb6   0x00000fb6   0x00000002   PAD
    0x00000fb8   0x00000fb8   0x0000006c   Code   RO          194    .text               c_p.l(_printf_dec.o)
    0x00001024   0x00001024   0x00000026   Code   RO          196    .text               c_p.l(_printf_charcount.o)
    0x0000104a   0x0000104a   0x00000002   PAD
    0x0000104c   0x0000104c   0x00000030   Code   RO          198    .text               c_p.l(_printf_char_common.o)
    0x0000107c   0x0000107c   0x000000bc   Code   RO          202    .text               c_p.l(_printf_wctomb.o)
    0x00001138   0x00001138   0x00000070   Code   RO          205    .text               c_p.l(_printf_longlong_dec.o)
    0x000011a8   0x000011a8   0x00000070   Code   RO          211    .text               c_p.l(_printf_oct_int_ll.o)
    0x00001218   0x00001218   0x00000098   Code   RO          231    .text               c_p.l(_printf_hex_int_ll_ptr.o)
    0x000012b0   0x000012b0   0x00000188   Code   RO          251    .text               c_p.l(__printf_flags_ss_wp.o)
    0x00001438   0x00001438   0x0000007a   Code   RO          309    .text               c_p.l(lludiv10.o)
    0x000014b2   0x000014b2   0x000000b0   Code   RO          311    .text               c_p.l(_printf_intcommon.o)
    0x00001562   0x00001562   0x00000002   PAD
    0x00001564   0x00001564   0x00000414   Code   RO          313    .text               c_p.l(_printf_fp_dec.o)
    0x00001978   0x00001978   0x000002d8   Code   RO          317    .text               c_p.l(_printf_fp_hex.o)
    0x00001c50   0x00001c50   0x0000002e   Code   RO          322    .text               c_p.l(_printf_char.o)
    0x00001c7e   0x00001c7e   0x0000002e   Code   RO          324    .text               c_p.l(_printf_wchar.o)
    0x00001cac   0x00001cac   0x00000042   Code   RO          327    .text               c_p.l(_c16rtomb.o)
    0x00001cee   0x00001cee   0x00000028   Code   RO          329    .text               c_p.l(rtudiv10.o)
    0x00001d16   0x00001d16   0x00000002   PAD
    0x00001d18   0x00001d18   0x000000a0   Code   RO          331    .text               fz_ps.l(dcmpin.o)
    0x00001db8   0x00001db8   0x0000003e   Code   RO          333    .text               c_p.l(sys_stackheap_outer.o)
    0x00001df6   0x00001df6   0x00000002   PAD
    0x00001df8   0x00001df8   0x00000010   Code   RO          336    .text               c_p.l(rt_ctype_table.o)
    0x00001e08   0x00001e08   0x00000088   Code   RO          343    .text               c_p.l(_printf_fp_infnan.o)
    0x00001e90   0x00001e90   0x000000d8   Code   RO          345    .text               c_p.l(bigflt0.o)
    0x00001f68   0x00001f68   0x00000580   Code   RO          348    .text               c_p.l(btod.o)
    0x000024e8   0x000024e8   0x00000010   Code   RO          357    .text               c_p.l(exit.o)
    0x000024f8   0x000024f8   0x0000002e   Code   RO          369    .text               fz_ps.l(cmpret.o)
    0x00002526   0x00002526   0x00000002   PAD
    0x00002528   0x00002528   0x00000014   Code   RO          371    .text               fz_ps.l(dnan2.o)
    0x0000253c   0x0000253c   0x00000008   Code   RO          377    .text               c_p.l(libspace.o)
    0x00002544   0x00002544   0x00000088   Code   RO          394    .text               c_p.l(strcmp.o)
    0x000025cc   0x000025cc   0x0000005e   Code   RO          441    .text               fz_ps.l(retnan.o)
    0x0000262a   0x0000262a   0x00000002   PAD
    0x0000262c   0x0000262c   0x0000000c   Code   RO          443    .text               c_p.l(sys_exit.o)
    0x00002638   0x00002638   0x00000002   Code   RO          468    .text               c_p.l(use_no_semi.o)
    0x0000263a   0x0000263a   0x00000000   Code   RO          470    .text               c_p.l(indicate_semi.o)
    0x0000263a   0x0000263a   0x00000002   PAD
    0x0000263c   0x0000263c   0x00000088   Code   RO           45    .text.Get_Position  adc.o
    0x000026c4   0x000026c4   0x00000040   Code   RO           43    .text.Init_ADC      adc.o
    0x00002704   0x00002704   0x00000050   Code   RO           54    .text.Init_Drive_Motor  motor.o
    0x00002754   0x00002754   0x00000084   Code   RO           69    .text.Init_PWM      timers.o
    0x000027d8   0x000027d8   0x00000028   Code   RO           58    .text.Set_Forward   motor.o
    0x00002800   0x00002800   0x0000002c   Code   RO           73    .text.Set_PWM_Value_Ch1  timers.o
    0x0000282c   0x0000282c   0x0000002c   Code   RO           60    .text.Set_Reverse   motor.o
    0x00002858   0x00002858   0x00000020   Code   RO           56    .text.Set_Stop      motor.o
    0x00002878   0x00002878   0x0000000c   Code   RO          135    .text.SystemInit    system_mkl25z4.o
    0x00002884   0x00002884   0x0000006c   Code   RO           32    .text.control_RGB_LEDs  leds.o
    0x000028f0   0x000028f0   0x00000084   Code   RO           30    .text.init_RGB_LEDs  leds.o
    0x00002974   0x00002974   0x0000011c   Code   RO           19    .text.main          main.o
    0x00002a90   0x00002a90   0x00000074   Code   RO           17    .text.set_turn_pwm  main.o
    0x00002b04   0x00002b04   0x00000030   Code   RO          350    i.__ARM_common_ll_muluu  c_p.l(btod.o)
    0x00002b34   0x00002b34   0x0000002c   Code   RO          375    i.__ARM_fpclassify  m_ps.l(fpclassify.o)
    0x00002b60   0x00002b60   0x00000016   Code   RO          161    i._dgeq             fz_ps.l(dcmp.o)
    0x00002b76   0x00002b76   0x0000001a   Code   RO          163    i._dleq             fz_ps.l(dcmp.o)
    0x00002b90   0x00002b90   0x00000016   Code   RO          164    i._dls              fz_ps.l(dcmp.o)
    0x00002ba6   0x00002ba6   0x0000000e   Code   RO          244    i._is_digit         c_p.l(__printf_wp.o)
    0x00002bb4   0x00002bb4   0x0000002c   Code   RO          355    locale$$code        c_p.l(lc_numeric_c.o)
    0x00002be0   0x00002be0   0x0000002c   Code   RO          388    locale$$code        c_p.l(lc_ctype_c.o)
    0x00002c0c   0x00002c0c   0x00000064   Code   RO          279    x$fpl$dgeqf         fz_ps.l(dgef.o)
    0x00002c70   0x00002c70   0x00000064   Code   RO          281    x$fpl$dleqf         fz_ps.l(dlef.o)
    0x00002cd4   0x00002cd4   0x00000010   Code   RO          283    x$fpl$printf1       fz_ps.l(printf1.o)
    0x00002ce4   0x00002ce4   0x00000010   Code   RO          285    x$fpl$printf2       fz_ps.l(printf2.o)
    0x00002cf4   0x00002cf4   0x00000000   Code   RO          291    x$fpl$usenofp       fz_ps.l(usenofp.o)
    0x00002cf4   0x00002cf4   0x00000080   Data   RO          173    .constdata          fz_ps.l(ddiv.o)
    0x00002d74   0x00002d74   0x00000008   Data   RO          203    .constdata          c_p.l(_printf_wctomb.o)
    0x00002d7c   0x00002d7c   0x00000028   Data   RO          232    .constdata          c_p.l(_printf_hex_int_ll_ptr.o)
    0x00002da4   0x00002da4   0x00000011   Data   RO          252    .constdata          c_p.l(__printf_flags_ss_wp.o)
    0x00002db5   0x00002db5   0x00000026   Data   RO          318    .constdata          c_p.l(_printf_fp_hex.o)
    0x00002ddb   0x00002ddb   0x00000001   PAD
    0x00002ddc   0x00002ddc   0x00000094   Data   RO          346    .constdata          c_p.l(bigflt0.o)
    0x00002e70   0x00002e70   0x00000006   Data   RO           21    .rodata.str1.1      main.o
    0x00002e76   0x00002e76   0x00000002   PAD
    0x00002e78   0x00002e78   0x00000010   Data   RO          523    Region$$Table       anon$$obj.o
    0x00002e88   0x00002e88   0x0000001c   Data   RO          354    locale$$data        c_p.l(lc_numeric_c.o)
    0x00002ea4   0x00002ea4   0x00000110   Data   RO          387    locale$$data        c_p.l(lc_ctype_c.o)


    Execution Region ER_RW (Exec base: 0x1ffff000, Load base: 0x00002fb4, Size: 0x00000000, Max: 0xffffffff, ABSOLUTE)

    **** No section assigned to this execution region ****


    Execution Region ER_ZI (Exec base: 0x1ffff000, Load base: 0x00002fb4, Size: 0x00000160, Max: 0xffffffff, ABSOLUTE)

    Exec Addr    Load Addr    Size         Type   Attr      Idx    E Section Name        Object

    0x1ffff000        -       0x00000060   Zero   RW          378    .bss                c_p.l(libspace.o)
    0x1ffff060        -       0x00000000   Zero   RW          123    HEAP                startup_mkl25z4.o
    0x1ffff060        -       0x00000100   Zero   RW          122    STACK               startup_mkl25z4.o


==============================================================================

Image component sizes


      Code (inc. data)   RO Data    RW Data    ZI Data      Debug   Object Name

       200         52          0          0          0       2226   adc.o
       240         44          0          0          0       2221   leds.o
       400         20          6          0          0       1144   main.o
       196         20          0          0          0       2107   motor.o
        80         44        192          0        256        896   startup_mkl25z4.o
        12          4          0          0          0       2558   system_mkl25z4.o
       176         48          0          0          0       2525   timers.o

    ----------------------------------------------------------------------
      1304        232        216          0        256      13677   Object Totals
         0          0         16          0          0          0   (incl. Generated)
         0          0          2          0          0          0   (incl. Padding)

    ----------------------------------------------------------------------

      Code (inc. data)   RO Data    RW Data    ZI Data      Debug   Library Member Name

         8          0          0          0          0         68   __main.o
       392          6         17          0          0         76   __printf_flags_ss_wp.o
        14          0          0          0          0         60   __printf_wp.o
         0          0          0          0          0          0   __rtentry.o
        12          0          0          0          0          0   __rtentry2.o
         6          0          0          0          0          0   __rtentry4.o
        60          8          0          0          0          0   __scatter.o
        28          0          0          0          0          0   __scatter_zi.o
        66          0          0          0          0         76   _c16rtomb.o
        10          0          0          0          0          0   _printf_a.o
        10          0          0          0          0          0   _printf_c.o
        46          0          0          0          0        100   _printf_char.o
        48          6          0          0          0         88   _printf_char_common.o
        38          0          0          0          0         60   _printf_charcount.o
        10          0          0          0          0          0   _printf_d.o
       108         18          0          0          0         76   _printf_dec.o
        10          0          0          0          0          0   _printf_e.o
        10          0          0          0          0          0   _printf_f.o
      1044         12          0          0          0        116   _printf_fp_dec.o
       728         10         38          0          0         84   _printf_fp_hex.o
       136         16          0          0          0         76   _printf_fp_infnan.o
        10          0          0          0          0          0   _printf_g.o
       152          4         40          0          0        148   _printf_hex_int_ll_ptr.o
        10          0          0          0          0          0   _printf_i.o
       176          0          0          0          0         84   _printf_intcommon.o
        10          0          0          0          0          0   _printf_l.o
        10          0          0          0          0          0   _printf_lc.o
        10          0          0          0          0          0   _printf_ll.o
        10          0          0          0          0          0   _printf_lld.o
        10          0          0          0          0          0   _printf_lli.o
        10          0          0          0          0          0   _printf_llo.o
        10          0          0          0          0          0   _printf_llu.o
        10          0          0          0          0          0   _printf_llx.o
       112         18          0          0          0         76   _printf_longlong_dec.o
        10          0          0          0          0          0   _printf_ls.o
        10          0          0          0          0          0   _printf_n.o
        10          0          0          0          0          0   _printf_o.o
       112         10          0          0          0        112   _printf_oct_int_ll.o
        10          0          0          0          0          0   _printf_p.o
        78          0          0          0          0        100   _printf_pad.o
         2          0          0          0          0          0   _printf_percent.o
         4          0          0          0          0          0   _printf_percent_end.o
        10          0          0          0          0          0   _printf_s.o
        82          0          0          0          0         72   _printf_str.o
        36          0          0          0          0         76   _printf_truncate.o
        10          0          0          0          0          0   _printf_u.o
        46          0          0          0          0        100   _printf_wchar.o
       188          6          8          0          0         80   _printf_wctomb.o
        10          0          0          0          0          0   _printf_x.o
        10          0          0          0          0         60   _sputc.o
       364          4          0          0          0         92   aeabi_sdiv.o
       216          6        148          0          0         80   bigflt0.o
      1456         30          0          0          0        336   btod.o
        16          0          0          0          0         68   exit.o
         6          0          0          0          0        136   heapauxi.o
         0          0          0          0          0          0   indicate_semi.o
        44         10        272          0          0         76   lc_ctype_c.o
        44         10         28          0          0         76   lc_numeric_c.o
         2          0          0          0          0          0   libinit.o
        30          0          0          0          0          0   libinit2.o
         2          0          0          0          0          0   libshutdown.o
         2          0          0          0          0          0   libshutdown2.o
         8          4          0          0         96         68   libspace.o
       122          0          0          0          0         72   lludiv10.o
        16          4          0          0          0         76   rt_ctype_table.o
         8          4          0          0          0         68   rt_locale_intlibspace.o
         2          0          0          0          0          0   rtexit.o
        10          0          0          0          0          0   rtexit2.o
        40          0          0          0          0         60   rtudiv10.o
        44          4          0          0          0         84   sprintf.o
       136          4          0          0          0         72   strcmp.o
        12          4          0          0          0         60   sys_exit.o
        62          0          0          0          0         80   sys_stackheap_outer.o
         2          0          0          0          0         68   use_no_semi.o
        46          0          0          0          0         60   cmpret.o
       856         20          0          0          0        208   daddsub.o
        70          0          0          0          0        204   dcmp.o
       160          6          0          0          0         76   dcmpin.o
      1096         26        128          0          0        112   ddiv.o
       108         10          0          0          0         72   dfixi.o
        88          0          0          0          0         92   dflti.o
       100          4          0          0          0         92   dgef.o
       100          4          0          0          0         92   dlef.o
       584         26          0          0          0         84   dmul.o
        20          6          0          0          0         68   dnan2.o
        16          4          0          0          0         76   printf1.o
        16          4          0          0          0         76   printf2.o
        94          0          0          0          0         68   retnan.o
         0          0          0          0          0          0   usenofp.o
        44          4          0          0          0         60   fpclassify.o

    ----------------------------------------------------------------------
     10012        312        680          0         96       4800   Library Totals
        18          0          1          0          0          0   (incl. Padding)

    ----------------------------------------------------------------------

      Code (inc. data)   RO Data    RW Data    ZI Data      Debug   Library Name

      6596        198        551          0         96       3360   c_p.l
      3354        110        128          0          0       1380   fz_ps.l
        44          4          0          0          0         60   m_ps.l

    ----------------------------------------------------------------------
     10012        312        680          0         96       4800   Library Totals

    ----------------------------------------------------------------------

==============================================================================


      Code (inc. data)   RO Data    RW Data    ZI Data      Debug   

     11316        544        896          0        352      15989   Grand Totals
     11316        544        896          0        352      15989   ELF Image Totals
     11316        544        896          0          0          0   ROM Totals

==============================================================================

    Total RO  Size (Code + RO Data)                12212 (  11.93kB)
    Total RW  Size (RW Data + ZI Data)               352 (   0.34kB)
    Total ROM Size (Code + RO Data + RW Data)      12212 (  11.93kB)

==============================================================================

