Component: ARM Compiler 6.16 Tool: armlink [5dfeaa00]

==============================================================================

Section Cross References

    ir_sensor.o(.ARM.exidx.text.init_ir) refers to ir_sensor.o(.text.init_ir) for [Anonymous Symbol]
    ir_sensor.o(.ARM.exidx.text.read_ir) refers to ir_sensor.o(.text.read_ir) for [Anonymous Symbol]
    ir_sensor.o(.text.init_ir_array) refers to ir_sensor.o(.text.init_ir) for init_ir
    ir_sensor.o(.ARM.exidx.text.init_ir_array) refers to ir_sensor.o(.text.init_ir_array) for [Anonymous Symbol]
    ir_sensor.o(.text.get_angle) refers to ir_sensor.o(.text.read_ir) for read_ir
    ir_sensor.o(.text.get_angle) refers to aeabi_sdiv.o(.text) for __aeabi_uidiv
    ir_sensor.o(.text.get_angle) refers to fflti.o(.text) for __aeabi_ui2f
    ir_sensor.o(.text.get_angle) refers to faddsub.o(x$fpl$fadd) for __aeabi_fadd
    ir_sensor.o(.text.get_angle) refers to faddsub.o(x$fpl$fsub) for __aeabi_fsub
    ir_sensor.o(.text.get_angle) refers to fmul.o(x$fpl$fmul) for __aeabi_fmul
    ir_sensor.o(.text.get_angle) refers to fdiv.o(.text) for __aeabi_fdiv
    ir_sensor.o(.ARM.exidx.text.get_angle) refers to ir_sensor.o(.text.get_angle) for [Anonymous Symbol]
    main.o(.ARM.exidx.text.delay) refers to main.o(.text.delay) for [Anonymous Symbol]
    main.o(.text.set_turn_pwm) refers to ddiv.o(.text) for __aeabi_ddiv
    main.o(.text.set_turn_pwm) refers to dmul.o(.text) for __aeabi_dmul
    main.o(.text.set_turn_pwm) refers to dfixi.o(.text) for __aeabi_d2iz
    main.o(.text.set_turn_pwm) refers to dcmp.o(i._dgeq) for __aeabi_dcmpge
    main.o(.text.set_turn_pwm) refers to motor.o(.text.Set_Forward) for Set_Forward
    main.o(.text.set_turn_pwm) refers to leds.o(.text.control_RGB_LEDs) for control_RGB_LEDs
    main.o(.text.set_turn_pwm) refers to motor.o(.text.Set_Reverse) for Set_Reverse
    main.o(.ARM.exidx.text.set_turn_pwm) refers to main.o(.text.set_turn_pwm) for [Anonymous Symbol]
    main.o(.ARM.exidx.text.setup_interrupt_pin) refers to main.o(.text.setup_interrupt_pin) for [Anonymous Symbol]
    main.o(.text.send_interrupt_signal) refers to main.o(.text.delay) for delay
    main.o(.ARM.exidx.text.send_interrupt_signal) refers to main.o(.text.send_interrupt_signal) for [Anonymous Symbol]
    main.o(.text.main) refers to rt_memcpy.o(.emb_text) for __aeabi_memcpy4
    main.o(.text.main) refers to ir_sensor.o(.text.init_ir_array) for init_ir_array
    main.o(.text.main) refers to leds.o(.text.init_RGB_LEDs) for init_RGB_LEDs
    main.o(.text.main) refers to adc.o(.text.Init_ADC) for Init_ADC
    main.o(.text.main) refers to motor.o(.text.Init_Drive_Motor) for Init_Drive_Motor
    main.o(.text.main) refers to timers.o(.text.Init_PWM) for Init_PWM
    main.o(.text.main) refers to adc.o(.text.Get_Position) for Get_Position
    main.o(.text.main) refers to ir_sensor.o(.text.get_angle) for get_angle
    main.o(.text.main) refers to f2d.o(.text) for __aeabi_f2d
    main.o(.text.main) refers to dcmp.o(i._dgeq) for __aeabi_dcmpge
    main.o(.text.main) refers to motor.o(.text.Set_Stop) for Set_Stop
    main.o(.text.main) refers to leds.o(.text.control_RGB_LEDs) for control_RGB_LEDs
    main.o(.text.main) refers to daddsub.o(.text) for __aeabi_dsub
    main.o(.text.main) refers to dcmp.o(i._dls) for __aeabi_dcmplt
    main.o(.text.main) refers to dcmp.o(i._dleq) for __aeabi_dcmple
    main.o(.text.main) refers to main.o(.text.set_turn_pwm) for set_turn_pwm
    main.o(.text.main) refers to main.o(.rodata..L__const.main.ir_cfg) for [Anonymous Symbol]
    main.o(.ARM.exidx.text.main) refers to main.o(.text.main) for [Anonymous Symbol]
    leds.o(.text.init_RGB_LEDs) refers to leds.o(.text.control_RGB_LEDs) for control_RGB_LEDs
    leds.o(.ARM.exidx.text.init_RGB_LEDs) refers to leds.o(.text.init_RGB_LEDs) for [Anonymous Symbol]
    leds.o(.ARM.exidx.text.control_RGB_LEDs) refers to leds.o(.text.control_RGB_LEDs) for [Anonymous Symbol]
    leds.o(.ARM.exidx.text.toggle_RGB_LEDs) refers to leds.o(.text.toggle_RGB_LEDs) for [Anonymous Symbol]
    adc.o(.ARM.exidx.text.Init_ADC) refers to adc.o(.text.Init_ADC) for [Anonymous Symbol]
    adc.o(.text.Get_Position) refers to dflti.o(.text) for __aeabi_ui2d
    adc.o(.text.Get_Position) refers to ddiv.o(.text) for __aeabi_ddiv
    adc.o(.text.Get_Position) refers to dmul.o(.text) for __aeabi_dmul
    adc.o(.text.Get_Position) refers to daddsub.o(.text) for __aeabi_dadd
    adc.o(.ARM.exidx.text.Get_Position) refers to adc.o(.text.Get_Position) for [Anonymous Symbol]
    motor.o(.ARM.exidx.text.Init_Drive_Motor) refers to motor.o(.text.Init_Drive_Motor) for [Anonymous Symbol]
    motor.o(.text.Set_Stop) refers to timers.o(.text.Set_PWM_Value_Ch1) for Set_PWM_Value_Ch1
    motor.o(.ARM.exidx.text.Set_Stop) refers to motor.o(.text.Set_Stop) for [Anonymous Symbol]
    motor.o(.text.Set_Forward) refers to timers.o(.text.Set_PWM_Value_Ch1) for Set_PWM_Value_Ch1
    motor.o(.ARM.exidx.text.Set_Forward) refers to motor.o(.text.Set_Forward) for [Anonymous Symbol]
    motor.o(.text.Set_Reverse) refers to timers.o(.text.Set_PWM_Value_Ch1) for Set_PWM_Value_Ch1
    motor.o(.ARM.exidx.text.Set_Reverse) refers to motor.o(.text.Set_Reverse) for [Anonymous Symbol]
    timers.o(.ARM.exidx.text.Init_PWM) refers to timers.o(.text.Init_PWM) for [Anonymous Symbol]
    timers.o(.text.Set_PWM_Value_Ch0) refers to aeabi_sdiv.o(.text) for __aeabi_uidiv
    timers.o(.ARM.exidx.text.Set_PWM_Value_Ch0) refers to timers.o(.text.Set_PWM_Value_Ch0) for [Anonymous Symbol]
    timers.o(.text.Set_PWM_Value_Ch1) refers to aeabi_sdiv.o(.text) for __aeabi_uidiv
    timers.o(.ARM.exidx.text.Set_PWM_Value_Ch1) refers to timers.o(.text.Set_PWM_Value_Ch1) for [Anonymous Symbol]
    timers.o(.ARM.exidx.text.Set_PWM_Servo) refers to timers.o(.text.Set_PWM_Servo) for [Anonymous Symbol]
    startup_mkl25z4.o(STACK) refers (Special) to heapauxi.o(.text) for __use_two_region_memory
    startup_mkl25z4.o(HEAP) refers (Special) to heapauxi.o(.text) for __use_two_region_memory
    startup_mkl25z4.o(RESET) refers (Special) to heapauxi.o(.text) for __use_two_region_memory
    startup_mkl25z4.o(RESET) refers to startup_mkl25z4.o(STACK) for __initial_sp
    startup_mkl25z4.o(RESET) refers to startup_mkl25z4.o(.text) for Reset_Handler
    startup_mkl25z4.o(.ARM.__at_0x400) refers (Special) to heapauxi.o(.text) for __use_two_region_memory
    startup_mkl25z4.o(.text) refers (Special) to heapauxi.o(.text) for __use_two_region_memory
    startup_mkl25z4.o(.text) refers to system_mkl25z4.o(.text.SystemInit) for SystemInit
    startup_mkl25z4.o(.text) refers to __main.o(!!!main) for __main
    startup_mkl25z4.o(.text) refers to startup_mkl25z4.o(HEAP) for Heap_Mem
    startup_mkl25z4.o(.text) refers to startup_mkl25z4.o(STACK) for Stack_Mem
    system_mkl25z4.o(.ARM.exidx.text.SystemInit) refers to system_mkl25z4.o(.text.SystemInit) for [Anonymous Symbol]
    system_mkl25z4.o(.text.SystemCoreClockUpdate) refers to aeabi_sdiv.o(.text) for __aeabi_uidiv
    system_mkl25z4.o(.text.SystemCoreClockUpdate) refers to system_mkl25z4.o(.data.SystemCoreClock) for SystemCoreClock
    system_mkl25z4.o(.ARM.exidx.text.SystemCoreClockUpdate) refers to system_mkl25z4.o(.text.SystemCoreClockUpdate) for [Anonymous Symbol]
    rt_memcpy.o(.text) refers to rt_memcpy.o(.emb_text) for __aeabi_memcpy4
    __main.o(!!!main) refers to __rtentry.o(.ARM.Collect$$rtentry$$00000000) for __rt_entry
    daddsub.o(.text) refers (Special) to usenofp.o(x$fpl$usenofp) for __I$use$fp
    dcmp.o(i._deq) refers (Special) to usenofp.o(x$fpl$usenofp) for __I$use$fp
    dcmp.o(i._deq) refers to deqf.o(x$fpl$deqf) for _dcmpeq
    dcmp.o(i._dgeq) refers (Special) to usenofp.o(x$fpl$usenofp) for __I$use$fp
    dcmp.o(i._dgeq) refers to dgef.o(x$fpl$dgeqf) for _dcmpge
    dcmp.o(i._dgr) refers (Special) to usenofp.o(x$fpl$usenofp) for __I$use$fp
    dcmp.o(i._dgr) refers to dgef.o(x$fpl$dgeqf) for _dcmpge
    dcmp.o(i._dleq) refers (Special) to usenofp.o(x$fpl$usenofp) for __I$use$fp
    dcmp.o(i._dleq) refers to dlef.o(x$fpl$dleqf) for _dcmple
    dcmp.o(i._dls) refers (Special) to usenofp.o(x$fpl$usenofp) for __I$use$fp
    dcmp.o(i._dls) refers to dlef.o(x$fpl$dleqf) for _dcmple
    dcmp.o(i._dneq) refers (Special) to usenofp.o(x$fpl$usenofp) for __I$use$fp
    dcmp.o(i._dneq) refers to deqf.o(x$fpl$deqf) for _dcmpeq
    ddiv.o(.text) refers (Special) to usenofp.o(x$fpl$usenofp) for __I$use$fp
    ddiv.o(.text) refers to ddiv.o(.constdata) for .constdata
    ddiv.o(.constdata) refers (Special) to usenofp.o(x$fpl$usenofp) for __I$use$fp
    dfixi.o(.text) refers (Special) to usenofp.o(x$fpl$usenofp) for __I$use$fp
    dflti.o(.text) refers (Special) to usenofp.o(x$fpl$usenofp) for __I$use$fp
    dmul.o(.text) refers (Special) to usenofp.o(x$fpl$usenofp) for __I$use$fp
    f2d.o(.text) refers (Special) to usenofp.o(x$fpl$usenofp) for __I$use$fp
    faddsub.o(x$fpl$fadd) refers (Special) to usenofp.o(x$fpl$usenofp) for __I$use$fp
    faddsub.o(x$fpl$fadd) refers to faddsub.o(x$fpl$fsub) for _fsub1
    faddsub.o(x$fpl$frsb) refers (Special) to usenofp.o(x$fpl$usenofp) for __I$use$fp
    faddsub.o(x$fpl$frsb) refers to faddsub.o(x$fpl$fsub) for _fsub1
    faddsub.o(x$fpl$frsb) refers to faddsub.o(x$fpl$fadd) for _fadd1
    faddsub.o(x$fpl$fsub) refers (Special) to usenofp.o(x$fpl$usenofp) for __I$use$fp
    faddsub.o(x$fpl$fsub) refers to faddsub.o(x$fpl$fadd) for _fadd1
    fdiv.o(.text) refers (Special) to usenofp.o(x$fpl$usenofp) for __I$use$fp
    fdiv.o(.text) refers to fdiv.o(.constdata) for .constdata
    fdiv.o(.constdata) refers (Special) to usenofp.o(x$fpl$usenofp) for __I$use$fp
    fflti.o(.text) refers (Special) to usenofp.o(x$fpl$usenofp) for __I$use$fp
    fmul.o(x$fpl$fmul) refers (Special) to usenofp.o(x$fpl$usenofp) for __I$use$fp
    __rtentry.o(.ARM.Collect$$rtentry$$00000000) refers (Special) to __rtentry2.o(.ARM.Collect$$rtentry$$0000000A) for __rt_entry_li
    __rtentry.o(.ARM.Collect$$rtentry$$00000000) refers (Special) to __rtentry2.o(.ARM.Collect$$rtentry$$0000000D) for __rt_entry_main
    __rtentry.o(.ARM.Collect$$rtentry$$00000000) refers (Special) to __rtentry2.o(.ARM.Collect$$rtentry$$0000000C) for __rt_entry_postli_1
    __rtentry.o(.ARM.Collect$$rtentry$$00000000) refers (Special) to __rtentry2.o(.ARM.Collect$$rtentry$$00000009) for __rt_entry_postsh_1
    __rtentry.o(.ARM.Collect$$rtentry$$00000000) refers (Special) to __rtentry2.o(.ARM.Collect$$rtentry$$00000002) for __rt_entry_presh_1
    __rtentry.o(.ARM.Collect$$rtentry$$00000000) refers (Special) to __rtentry4.o(.ARM.Collect$$rtentry$$00000004) for __rt_entry_sh
    aeabi_idiv0_sigfpe.o(.text) refers to rt_div0.o(.text) for __rt_div0
    deqf.o(x$fpl$deqf) refers (Special) to usenofp.o(x$fpl$usenofp) for __I$use$fp
    deqf.o(x$fpl$deqf) refers to dcmpin.o(.text) for __fpl_dcmp_InfNaN
    dgef.o(x$fpl$dgeqf) refers (Special) to usenofp.o(x$fpl$usenofp) for __I$use$fp
    dgef.o(x$fpl$dgeqf) refers to dcmpin.o(.text) for __fpl_dcmp_InfNaN
    dlef.o(x$fpl$dleqf) refers (Special) to usenofp.o(x$fpl$usenofp) for __I$use$fp
    dlef.o(x$fpl$dleqf) refers to dcmpin.o(.text) for __fpl_dcmp_InfNaN
    __rtentry2.o(.ARM.Collect$$rtentry$$00000008) refers to boardinit2.o(.text) for _platform_post_stackheap_init
    __rtentry2.o(.ARM.Collect$$rtentry$$0000000A) refers to libinit.o(.ARM.Collect$$libinit$$00000000) for __rt_lib_init
    __rtentry2.o(.ARM.Collect$$rtentry$$0000000B) refers to boardinit3.o(.text) for _platform_post_lib_init
    __rtentry2.o(.ARM.Collect$$rtentry$$0000000D) refers to main.o(.text.main) for main
    __rtentry2.o(.ARM.Collect$$rtentry$$0000000D) refers to exit.o(.text) for exit
    __rtentry2.o(.ARM.exidx) refers to __rtentry2.o(.ARM.Collect$$rtentry$$00000001) for .ARM.Collect$$rtentry$$00000001
    __rtentry2.o(.ARM.exidx) refers to __rtentry2.o(.ARM.Collect$$rtentry$$00000008) for .ARM.Collect$$rtentry$$00000008
    __rtentry2.o(.ARM.exidx) refers to __rtentry2.o(.ARM.Collect$$rtentry$$0000000A) for .ARM.Collect$$rtentry$$0000000A
    __rtentry2.o(.ARM.exidx) refers to __rtentry2.o(.ARM.Collect$$rtentry$$0000000B) for .ARM.Collect$$rtentry$$0000000B
    __rtentry2.o(.ARM.exidx) refers to __rtentry2.o(.ARM.Collect$$rtentry$$0000000D) for .ARM.Collect$$rtentry$$0000000D
    __rtentry4.o(.ARM.Collect$$rtentry$$00000004) refers to sys_stackheap_outer.o(.text) for __user_setup_stackheap
    __rtentry4.o(.ARM.exidx) refers to __rtentry4.o(.ARM.Collect$$rtentry$$00000004) for .ARM.Collect$$rtentry$$00000004
    rt_div0.o(.text) refers to defsig_fpe_outer.o(.text) for __rt_SIGFPE
    dcmpin.o(.text) refers (Special) to usenofp.o(x$fpl$usenofp) for __I$use$fp
    dcmpin.o(.text) refers to cmpret.o(.text) for __fpl_cmpreturn
    dcmpin.o(.text) refers to dnan2.o(.text) for __fpl_dcheck_NaN2
    sys_stackheap_outer.o(.text) refers to libspace.o(.text) for __user_perproc_libspace
    sys_stackheap_outer.o(.text) refers to startup_mkl25z4.o(.text) for __user_initial_stackheap
    sys_stackheap_outer.o(__vectab_stack_and_reset_area) refers to tempstk.o(.text) for __temporary_stack_top
    sys_stackheap_outer.o(__vectab_stack_and_reset_area) refers to __main.o(!!!main) for __main
    exit.o(.text) refers to rtexit.o(.ARM.Collect$$rtexit$$00000000) for __rt_exit
    defsig_fpe_outer.o(.text) refers to defsig_fpe_inner.o(.text) for __rt_SIGFPE_inner
    defsig_fpe_outer.o(.text) refers to defsig_exit.o(.text) for __sig_exit
    defsig_fpe_formal.o(.text) refers to rt_raise.o(.text) for __rt_raise
    libinit.o(.ARM.Collect$$libinit$$00000000) refers (Special) to libinit2.o(.ARM.Collect$$libinit$$0000002E) for __rt_lib_init_alloca_1
    libinit.o(.ARM.Collect$$libinit$$00000000) refers (Special) to libinit2.o(.ARM.Collect$$libinit$$0000002C) for __rt_lib_init_argv_1
    libinit.o(.ARM.Collect$$libinit$$00000000) refers (Special) to libinit2.o(.ARM.Collect$$libinit$$0000001B) for __rt_lib_init_atexit_1
    libinit.o(.ARM.Collect$$libinit$$00000000) refers (Special) to libinit2.o(.ARM.Collect$$libinit$$00000021) for __rt_lib_init_clock_1
    libinit.o(.ARM.Collect$$libinit$$00000000) refers (Special) to libinit2.o(.ARM.Collect$$libinit$$00000032) for __rt_lib_init_cpp_1
    libinit.o(.ARM.Collect$$libinit$$00000000) refers (Special) to libinit2.o(.ARM.Collect$$libinit$$00000030) for __rt_lib_init_exceptions_1
    libinit.o(.ARM.Collect$$libinit$$00000000) refers (Special) to libinit2.o(.ARM.Collect$$libinit$$00000002) for __rt_lib_init_fp_1
    libinit.o(.ARM.Collect$$libinit$$00000000) refers (Special) to libinit2.o(.ARM.Collect$$libinit$$0000001F) for __rt_lib_init_fp_trap_1
    libinit.o(.ARM.Collect$$libinit$$00000000) refers (Special) to libinit2.o(.ARM.Collect$$libinit$$00000023) for __rt_lib_init_getenv_1
    libinit.o(.ARM.Collect$$libinit$$00000000) refers (Special) to libinit2.o(.ARM.Collect$$libinit$$0000000A) for __rt_lib_init_heap_1
    libinit.o(.ARM.Collect$$libinit$$00000000) refers (Special) to libinit2.o(.ARM.Collect$$libinit$$00000011) for __rt_lib_init_lc_collate_1
    libinit.o(.ARM.Collect$$libinit$$00000000) refers (Special) to libinit2.o(.ARM.Collect$$libinit$$00000013) for __rt_lib_init_lc_ctype_1
    libinit.o(.ARM.Collect$$libinit$$00000000) refers (Special) to libinit2.o(.ARM.Collect$$libinit$$00000015) for __rt_lib_init_lc_monetary_1
    libinit.o(.ARM.Collect$$libinit$$00000000) refers (Special) to libinit2.o(.ARM.Collect$$libinit$$00000017) for __rt_lib_init_lc_numeric_1
    libinit.o(.ARM.Collect$$libinit$$00000000) refers (Special) to libinit2.o(.ARM.Collect$$libinit$$00000019) for __rt_lib_init_lc_time_1
    libinit.o(.ARM.Collect$$libinit$$00000000) refers (Special) to libinit2.o(.ARM.Collect$$libinit$$00000004) for __rt_lib_init_preinit_1
    libinit.o(.ARM.Collect$$libinit$$00000000) refers (Special) to libinit2.o(.ARM.Collect$$libinit$$0000000E) for __rt_lib_init_rand_1
    libinit.o(.ARM.Collect$$libinit$$00000000) refers (Special) to libinit2.o(.ARM.Collect$$libinit$$00000033) for __rt_lib_init_return
    libinit.o(.ARM.Collect$$libinit$$00000000) refers (Special) to libinit2.o(.ARM.Collect$$libinit$$0000001D) for __rt_lib_init_signal_1
    libinit.o(.ARM.Collect$$libinit$$00000000) refers (Special) to libinit2.o(.ARM.Collect$$libinit$$00000025) for __rt_lib_init_stdio_1
    libinit.o(.ARM.Collect$$libinit$$00000000) refers (Special) to libinit2.o(.ARM.Collect$$libinit$$0000000C) for __rt_lib_init_user_alloc_1
    cmpret.o(.text) refers (Special) to usenofp.o(x$fpl$usenofp) for __I$use$fp
    dnan2.o(.text) refers (Special) to usenofp.o(x$fpl$usenofp) for __I$use$fp
    dnan2.o(.text) refers to retnan.o(.text) for __fpl_return_NaN
    libspace.o(.text) refers to libspace.o(.bss) for __libspace_start
    rtexit.o(.ARM.Collect$$rtexit$$00000000) refers (Special) to rtexit2.o(.ARM.Collect$$rtexit$$00000004) for __rt_exit_exit
    rtexit.o(.ARM.Collect$$rtexit$$00000000) refers (Special) to rtexit2.o(.ARM.Collect$$rtexit$$00000003) for __rt_exit_ls
    rtexit.o(.ARM.Collect$$rtexit$$00000000) refers (Special) to rtexit2.o(.ARM.Collect$$rtexit$$00000002) for __rt_exit_prels_1
    rtexit.o(.ARM.exidx) refers (Special) to rtexit2.o(.ARM.Collect$$rtexit$$00000004) for __rt_exit_exit
    rtexit.o(.ARM.exidx) refers (Special) to rtexit2.o(.ARM.Collect$$rtexit$$00000003) for __rt_exit_ls
    rtexit.o(.ARM.exidx) refers (Special) to rtexit2.o(.ARM.Collect$$rtexit$$00000002) for __rt_exit_prels_1
    rtexit.o(.ARM.exidx) refers to rtexit.o(.ARM.Collect$$rtexit$$00000000) for .ARM.Collect$$rtexit$$00000000
    rt_raise.o(.text) refers to __raise.o(.text) for __raise
    rt_raise.o(.text) refers to sys_exit.o(.text) for _sys_exit
    defsig_exit.o(.text) refers to sys_exit.o(.text) for _sys_exit
    defsig_fpe_inner.o(.text) refers to defsig_general.o(.text) for __default_signal_display
    libinit2.o(.ARM.Collect$$libinit$$00000010) refers to libinit2.o(.ARM.Collect$$libinit$$0000000F) for .ARM.Collect$$libinit$$0000000F
    libinit2.o(.ARM.Collect$$libinit$$00000012) refers to libinit2.o(.ARM.Collect$$libinit$$0000000F) for .ARM.Collect$$libinit$$0000000F
    libinit2.o(.ARM.Collect$$libinit$$00000014) refers to libinit2.o(.ARM.Collect$$libinit$$0000000F) for .ARM.Collect$$libinit$$0000000F
    libinit2.o(.ARM.Collect$$libinit$$00000016) refers to libinit2.o(.ARM.Collect$$libinit$$0000000F) for .ARM.Collect$$libinit$$0000000F
    libinit2.o(.ARM.Collect$$libinit$$00000018) refers to libinit2.o(.ARM.Collect$$libinit$$0000000F) for .ARM.Collect$$libinit$$0000000F
    libinit2.o(.ARM.Collect$$libinit$$00000026) refers to argv_veneer.o(.text) for __ARM_argv_veneer
    libinit2.o(.ARM.Collect$$libinit$$00000027) refers to argv_veneer.o(.text) for __ARM_argv_veneer
    retnan.o(.text) refers (Special) to usenofp.o(x$fpl$usenofp) for __I$use$fp
    retnan.o(.text) refers to cmpret.o(.text) for __fpl_cmpreturn
    sys_exit.o(.text) refers (Special) to use_no_semi.o(.text) for __I$use$semihosting
    sys_exit.o(.text) refers (Special) to indicate_semi.o(.text) for __semihosting_library_function
    sys_exit_hlt.o(.text) refers (Special) to use_no_semi.o(.text) for __I$use$semihosting
    sys_exit_hlt.o(.text) refers (Special) to indicate_semi.o(.text) for __semihosting_library_function
    rtexit2.o(.ARM.Collect$$rtexit$$00000003) refers to libshutdown.o(.ARM.Collect$$libshutdown$$00000000) for __rt_lib_shutdown
    rtexit2.o(.ARM.Collect$$rtexit$$00000004) refers to sys_exit.o(.text) for _sys_exit
    rtexit2.o(.ARM.exidx) refers to rtexit2.o(.ARM.Collect$$rtexit$$00000001) for .ARM.Collect$$rtexit$$00000001
    rtexit2.o(.ARM.exidx) refers to rtexit2.o(.ARM.Collect$$rtexit$$00000003) for .ARM.Collect$$rtexit$$00000003
    rtexit2.o(.ARM.exidx) refers to rtexit2.o(.ARM.Collect$$rtexit$$00000004) for .ARM.Collect$$rtexit$$00000004
    __raise.o(.text) refers to defsig.o(CL$$defsig) for __default_signal_handler
    defsig_general.o(.text) refers to sys_wrch.o(.text) for _ttywrch
    sys_wrch.o(.text) refers (Special) to use_no_semi.o(.text) for __I$use$semihosting
    sys_wrch.o(.text) refers (Special) to indicate_semi.o(.text) for __semihosting_library_function
    sys_wrch_hlt.o(.text) refers (Special) to use_no_semi.o(.text) for __I$use$semihosting
    sys_wrch_hlt.o(.text) refers (Special) to indicate_semi.o(.text) for __semihosting_library_function
    defsig.o(CL$$defsig) refers to defsig_fpe_inner.o(.text) for __rt_SIGFPE_inner
    defsig.o(CL$$defsig) refers to defsig_rtmem_inner.o(.text) for __rt_SIGRTMEM_inner
    _get_argv_nomalloc.o(.text) refers (Special) to hrguard.o(.text) for __heap_region$guard
    _get_argv_nomalloc.o(.text) refers to defsig_rtmem_outer.o(.text) for __rt_SIGRTMEM
    _get_argv_nomalloc.o(.text) refers to sys_command.o(.text) for _sys_command_string
    libshutdown.o(.ARM.Collect$$libshutdown$$00000000) refers (Special) to libshutdown2.o(.ARM.Collect$$libshutdown$$00000002) for __rt_lib_shutdown_cpp_1
    libshutdown.o(.ARM.Collect$$libshutdown$$00000000) refers (Special) to libshutdown2.o(.ARM.Collect$$libshutdown$$00000007) for __rt_lib_shutdown_fp_trap_1
    libshutdown.o(.ARM.Collect$$libshutdown$$00000000) refers (Special) to libshutdown2.o(.ARM.Collect$$libshutdown$$0000000F) for __rt_lib_shutdown_heap_1
    libshutdown.o(.ARM.Collect$$libshutdown$$00000000) refers (Special) to libshutdown2.o(.ARM.Collect$$libshutdown$$00000010) for __rt_lib_shutdown_return
    libshutdown.o(.ARM.Collect$$libshutdown$$00000000) refers (Special) to libshutdown2.o(.ARM.Collect$$libshutdown$$0000000A) for __rt_lib_shutdown_signal_1
    libshutdown.o(.ARM.Collect$$libshutdown$$00000000) refers (Special) to libshutdown2.o(.ARM.Collect$$libshutdown$$00000004) for __rt_lib_shutdown_stdio_1
    libshutdown.o(.ARM.Collect$$libshutdown$$00000000) refers (Special) to libshutdown2.o(.ARM.Collect$$libshutdown$$0000000C) for __rt_lib_shutdown_user_alloc_1
    sys_command.o(.text) refers (Special) to use_no_semi.o(.text) for __I$use$semihosting
    sys_command.o(.text) refers (Special) to indicate_semi.o(.text) for __semihosting_library_function
    sys_command_hlt.o(.text) refers (Special) to use_no_semi.o(.text) for __I$use$semihosting
    sys_command_hlt.o(.text) refers (Special) to indicate_semi.o(.text) for __semihosting_library_function
    defsig_abrt_inner.o(.text) refers to defsig_general.o(.text) for __default_signal_display
    defsig_rtred_inner.o(.text) refers to defsig_general.o(.text) for __default_signal_display
    defsig_rtmem_inner.o(.text) refers to defsig_general.o(.text) for __default_signal_display
    defsig_rtmem_outer.o(.text) refers to defsig_rtmem_inner.o(.text) for __rt_SIGRTMEM_inner
    defsig_rtmem_outer.o(.text) refers to defsig_exit.o(.text) for __sig_exit
    defsig_rtmem_formal.o(.text) refers to rt_raise.o(.text) for __rt_raise
    defsig_stak_inner.o(.text) refers to defsig_general.o(.text) for __default_signal_display
    defsig_pvfn_inner.o(.text) refers to defsig_general.o(.text) for __default_signal_display
    defsig_cppl_inner.o(.text) refers to defsig_general.o(.text) for __default_signal_display
    defsig_segv_inner.o(.text) refers to defsig_general.o(.text) for __default_signal_display
    defsig_other.o(.text) refers to defsig_general.o(.text) for __default_signal_display


==============================================================================

Removing Unused input sections from the image.

    Removing ir_sensor.o(.text), (0 bytes).
    Removing ir_sensor.o(.ARM.exidx.text.init_ir), (8 bytes).
    Removing ir_sensor.o(.ARM.exidx.text.read_ir), (8 bytes).
    Removing ir_sensor.o(.ARM.exidx.text.init_ir_array), (8 bytes).
    Removing ir_sensor.o(.ARM.exidx.text.get_angle), (8 bytes).
    Removing main.o(.text), (0 bytes).
    Removing main.o(.text.delay), (40 bytes).
    Removing main.o(.ARM.exidx.text.delay), (8 bytes).
    Removing main.o(.ARM.exidx.text.set_turn_pwm), (8 bytes).
    Removing main.o(.text.setup_interrupt_pin), (60 bytes).
    Removing main.o(.ARM.exidx.text.setup_interrupt_pin), (8 bytes).
    Removing main.o(.text.send_interrupt_signal), (48 bytes).
    Removing main.o(.ARM.exidx.text.send_interrupt_signal), (8 bytes).
    Removing main.o(.ARM.exidx.text.main), (8 bytes).
    Removing main.o(.ARM.use_no_argv), (4 bytes).
    Removing leds.o(.text), (0 bytes).
    Removing leds.o(.ARM.exidx.text.init_RGB_LEDs), (8 bytes).
    Removing leds.o(.ARM.exidx.text.control_RGB_LEDs), (8 bytes).
    Removing leds.o(.text.toggle_RGB_LEDs), (72 bytes).
    Removing leds.o(.ARM.exidx.text.toggle_RGB_LEDs), (8 bytes).
    Removing adc.o(.text), (0 bytes).
    Removing adc.o(.ARM.exidx.text.Init_ADC), (8 bytes).
    Removing adc.o(.ARM.exidx.text.Get_Position), (8 bytes).
    Removing motor.o(.text), (0 bytes).
    Removing motor.o(.ARM.exidx.text.Init_Drive_Motor), (8 bytes).
    Removing motor.o(.ARM.exidx.text.Set_Stop), (8 bytes).
    Removing motor.o(.ARM.exidx.text.Set_Forward), (8 bytes).
    Removing motor.o(.ARM.exidx.text.Set_Reverse), (8 bytes).
    Removing timers.o(.text), (0 bytes).
    Removing timers.o(.ARM.exidx.text.Init_PWM), (8 bytes).
    Removing timers.o(.text.Set_PWM_Value_Ch0), (44 bytes).
    Removing timers.o(.ARM.exidx.text.Set_PWM_Value_Ch0), (8 bytes).
    Removing timers.o(.ARM.exidx.text.Set_PWM_Value_Ch1), (8 bytes).
    Removing timers.o(.text.Set_PWM_Servo), (64 bytes).
    Removing timers.o(.ARM.exidx.text.Set_PWM_Servo), (8 bytes).
    Removing timers.o(.bss.PIT_interrupt_counter), (4 bytes).
    Removing timers.o(.bss.LCD_update_requested), (4 bytes).
    Removing system_mkl25z4.o(.text), (0 bytes).
    Removing system_mkl25z4.o(.ARM.exidx.text.SystemInit), (8 bytes).
    Removing system_mkl25z4.o(.text.SystemCoreClockUpdate), (556 bytes).
    Removing system_mkl25z4.o(.ARM.exidx.text.SystemCoreClockUpdate), (8 bytes).
    Removing system_mkl25z4.o(.data.SystemCoreClock), (4 bytes).

42 unused section(s) (total 1092 bytes) removed from the image.

==============================================================================

Image Symbol Table

    Local Symbols

    Symbol Name                              Value     Ov Type        Size  Object(Section)

    ../clib/angel/boardlib.s                 0x00000000   Number         0  boardinit1.o ABSOLUTE
    ../clib/angel/boardlib.s                 0x00000000   Number         0  boardinit2.o ABSOLUTE
    ../clib/angel/boardlib.s                 0x00000000   Number         0  boardinit3.o ABSOLUTE
    ../clib/angel/boardlib.s                 0x00000000   Number         0  boardshut.o ABSOLUTE
    ../clib/angel/handlers.s                 0x00000000   Number         0  __scatter_zi.o ABSOLUTE
    ../clib/angel/kernel.s                   0x00000000   Number         0  __rtentry.o ABSOLUTE
    ../clib/angel/kernel.s                   0x00000000   Number         0  __rtentry2.o ABSOLUTE
    ../clib/angel/kernel.s                   0x00000000   Number         0  __rtentry4.o ABSOLUTE
    ../clib/angel/kernel.s                   0x00000000   Number         0  rtexit.o ABSOLUTE
    ../clib/angel/kernel.s                   0x00000000   Number         0  rtexit2.o ABSOLUTE
    ../clib/angel/rt.s                       0x00000000   Number         0  aeabi_idiv0.o ABSOLUTE
    ../clib/angel/rt.s                       0x00000000   Number         0  aeabi_idiv0_sigfpe.o ABSOLUTE
    ../clib/angel/rt.s                       0x00000000   Number         0  rt_div0.o ABSOLUTE
    ../clib/angel/rt.s                       0x00000000   Number         0  rt_raise.o ABSOLUTE
    ../clib/angel/scatterp.s                 0x00000000   Number         0  __scatter.o ABSOLUTE
    ../clib/angel/startup.s                  0x00000000   Number         0  __main.o ABSOLUTE
    ../clib/angel/sys.s                      0x00000000   Number         0  sys_stackheap_outer.o ABSOLUTE
    ../clib/angel/sys.s                      0x00000000   Number         0  libspace.o ABSOLUTE
    ../clib/angel/sys.s                      0x00000000   Number         0  tempstk.o ABSOLUTE
    ../clib/angel/sys.s                      0x00000000   Number         0  use_no_semi.o ABSOLUTE
    ../clib/angel/sys.s                      0x00000000   Number         0  indicate_semi.o ABSOLUTE
    ../clib/angel/sysapp.c                   0x00000000   Number         0  sys_exit.o ABSOLUTE
    ../clib/angel/sysapp.c                   0x00000000   Number         0  sys_exit_hlt.o ABSOLUTE
    ../clib/angel/sysapp.c                   0x00000000   Number         0  sys_wrch.o ABSOLUTE
    ../clib/angel/sysapp.c                   0x00000000   Number         0  sys_wrch_hlt.o ABSOLUTE
    ../clib/angel/sysapp.c                   0x00000000   Number         0  sys_command.o ABSOLUTE
    ../clib/angel/sysapp.c                   0x00000000   Number         0  sys_command_hlt.o ABSOLUTE
    ../clib/armsys.c                         0x00000000   Number         0  argv_veneer.o ABSOLUTE
    ../clib/armsys.c                         0x00000000   Number         0  _get_argv_nomalloc.o ABSOLUTE
    ../clib/armsys.c                         0x00000000   Number         0  no_argv.o ABSOLUTE
    ../clib/division.s                       0x00000000   Number         0  aeabi_sdiv.o ABSOLUTE
    ../clib/division.s                       0x00000000   Number         0  aeabi_sdiv_div0.o ABSOLUTE
    ../clib/heapalloc.c                      0x00000000   Number         0  hrguard.o ABSOLUTE
    ../clib/heapaux.c                        0x00000000   Number         0  heapauxi.o ABSOLUTE
    ../clib/libinit.s                        0x00000000   Number         0  libinit.o ABSOLUTE
    ../clib/libinit.s                        0x00000000   Number         0  libinit2.o ABSOLUTE
    ../clib/libinit.s                        0x00000000   Number         0  libshutdown.o ABSOLUTE
    ../clib/libinit.s                        0x00000000   Number         0  libshutdown2.o ABSOLUTE
    ../clib/memcpset.c                       0x00000000   Number         0  rt_memcpy.o ABSOLUTE
    ../clib/memcpset.c                       0x00000000   Number         0  rt_memcpy.o ABSOLUTE
    ../clib/signal.c                         0x00000000   Number         0  defsig_fpe_outer.o ABSOLUTE
    ../clib/signal.c                         0x00000000   Number         0  defsig_fpe_formal.o ABSOLUTE
    ../clib/signal.c                         0x00000000   Number         0  defsig_exit.o ABSOLUTE
    ../clib/signal.c                         0x00000000   Number         0  defsig_fpe_inner.o ABSOLUTE
    ../clib/signal.c                         0x00000000   Number         0  __raise.o ABSOLUTE
    ../clib/signal.c                         0x00000000   Number         0  defsig_general.o ABSOLUTE
    ../clib/signal.c                         0x00000000   Number         0  defsig_abrt_inner.o ABSOLUTE
    ../clib/signal.c                         0x00000000   Number         0  defsig_rtred_inner.o ABSOLUTE
    ../clib/signal.c                         0x00000000   Number         0  defsig_rtmem_inner.o ABSOLUTE
    ../clib/signal.c                         0x00000000   Number         0  defsig_rtmem_outer.o ABSOLUTE
    ../clib/signal.c                         0x00000000   Number         0  defsig_rtmem_formal.o ABSOLUTE
    ../clib/signal.c                         0x00000000   Number         0  defsig_stak_inner.o ABSOLUTE
    ../clib/signal.c                         0x00000000   Number         0  defsig_pvfn_inner.o ABSOLUTE
    ../clib/signal.c                         0x00000000   Number         0  defsig_cppl_inner.o ABSOLUTE
    ../clib/signal.c                         0x00000000   Number         0  defsig_segv_inner.o ABSOLUTE
    ../clib/signal.c                         0x00000000   Number         0  defsig_other.o ABSOLUTE
    ../clib/signal.s                         0x00000000   Number         0  defsig.o ABSOLUTE
    ../clib/stdlib.c                         0x00000000   Number         0  exit.o ABSOLUTE
    ../fplib/cfplib/cmp.c                    0x00000000   Number         0  dcmp.o ABSOLUTE
    ../fplib/cfplib/cmpret.c                 0x00000000   Number         0  cmpret.o ABSOLUTE
    ../fplib/cfplib/daddsub.c                0x00000000   Number         0  daddsub.o ABSOLUTE
    ../fplib/cfplib/dcmpin.c                 0x00000000   Number         0  dcmpin.o ABSOLUTE
    ../fplib/cfplib/ddiv.c                   0x00000000   Number         0  ddiv.o ABSOLUTE
    ../fplib/cfplib/dmul.c                   0x00000000   Number         0  dmul.o ABSOLUTE
    ../fplib/cfplib/f2d.c                    0x00000000   Number         0  f2d.o ABSOLUTE
    ../fplib/cfplib/fdiv.c                   0x00000000   Number         0  fdiv.o ABSOLUTE
    ../fplib/cfplib/ffix.c                   0x00000000   Number         0  dfixi.o ABSOLUTE
    ../fplib/cfplib/fflt.c                   0x00000000   Number         0  dflti.o ABSOLUTE
    ../fplib/cfplib/fflt.c                   0x00000000   Number         0  fflti.o ABSOLUTE
    ../fplib/cfplib/fpinit.c                 0x00000000   Number         0  fpinit.o ABSOLUTE
    ../fplib/cfplib/nan2.c                   0x00000000   Number         0  dnan2.o ABSOLUTE
    ../fplib/cfplib/retnan.c                 0x00000000   Number         0  retnan.o ABSOLUTE
    ../fplib/deqf6m.s                        0x00000000   Number         0  deqf.o ABSOLUTE
    ../fplib/dgeqf6m.s                       0x00000000   Number         0  dgef.o ABSOLUTE
    ../fplib/dleqf6m.s                       0x00000000   Number         0  dlef.o ABSOLUTE
    ../fplib/faddsub6m.s                     0x00000000   Number         0  faddsub.o ABSOLUTE
    ../fplib/fmul6m.s                        0x00000000   Number         0  fmul.o ABSOLUTE
    ../fplib/usenofp.s                       0x00000000   Number         0  usenofp.o ABSOLUTE
    LEDs.c                                   0x00000000   Number         0  leds.o ABSOLUTE
    RTE/Device/MKL25Z128xxx4/startup_MKL25Z4.s 0x00000000   Number         0  startup_mkl25z4.o ABSOLUTE
    adc.c                                    0x00000000   Number         0  adc.o ABSOLUTE
    dc.s                                     0x00000000   Number         0  dc.o ABSOLUTE
    ir_sensor.c                              0x00000000   Number         0  ir_sensor.o ABSOLUTE
    main.c                                   0x00000000   Number         0  main.o ABSOLUTE
    motor.c                                  0x00000000   Number         0  motor.o ABSOLUTE
    system_MKL25Z4.c                         0x00000000   Number         0  system_mkl25z4.o ABSOLUTE
    timers.c                                 0x00000000   Number         0  timers.o ABSOLUTE
    RESET                                    0x00000000   Section      192  startup_mkl25z4.o(RESET)
    !!!main                                  0x000000c0   Section        8  __main.o(!!!main)
    !!!scatter                               0x000000c8   Section       60  __scatter.o(!!!scatter)
    !!handler_zi                             0x00000104   Section       28  __scatter_zi.o(!!handler_zi)
    .ARM.Collect$$libinit$$00000000          0x00000120   Section        2  libinit.o(.ARM.Collect$$libinit$$00000000)
    .ARM.Collect$$libinit$$00000002          0x00000122   Section        0  libinit2.o(.ARM.Collect$$libinit$$00000002)
    .ARM.Collect$$libinit$$00000004          0x00000122   Section        0  libinit2.o(.ARM.Collect$$libinit$$00000004)
    .ARM.Collect$$libinit$$0000000A          0x00000122   Section        0  libinit2.o(.ARM.Collect$$libinit$$0000000A)
    .ARM.Collect$$libinit$$0000000C          0x00000122   Section        0  libinit2.o(.ARM.Collect$$libinit$$0000000C)
    .ARM.Collect$$libinit$$0000000E          0x00000122   Section        0  libinit2.o(.ARM.Collect$$libinit$$0000000E)
    .ARM.Collect$$libinit$$00000011          0x00000122   Section        0  libinit2.o(.ARM.Collect$$libinit$$00000011)
    .ARM.Collect$$libinit$$00000013          0x00000122   Section        0  libinit2.o(.ARM.Collect$$libinit$$00000013)
    .ARM.Collect$$libinit$$00000015          0x00000122   Section        0  libinit2.o(.ARM.Collect$$libinit$$00000015)
    .ARM.Collect$$libinit$$00000017          0x00000122   Section        0  libinit2.o(.ARM.Collect$$libinit$$00000017)
    .ARM.Collect$$libinit$$00000019          0x00000122   Section        0  libinit2.o(.ARM.Collect$$libinit$$00000019)
    .ARM.Collect$$libinit$$0000001B          0x00000122   Section        0  libinit2.o(.ARM.Collect$$libinit$$0000001B)
    .ARM.Collect$$libinit$$0000001D          0x00000122   Section        0  libinit2.o(.ARM.Collect$$libinit$$0000001D)
    .ARM.Collect$$libinit$$0000001F          0x00000122   Section        0  libinit2.o(.ARM.Collect$$libinit$$0000001F)
    .ARM.Collect$$libinit$$00000021          0x00000122   Section        0  libinit2.o(.ARM.Collect$$libinit$$00000021)
    .ARM.Collect$$libinit$$00000023          0x00000122   Section        0  libinit2.o(.ARM.Collect$$libinit$$00000023)
    .ARM.Collect$$libinit$$00000025          0x00000122   Section        0  libinit2.o(.ARM.Collect$$libinit$$00000025)
    .ARM.Collect$$libinit$$0000002C          0x00000122   Section        0  libinit2.o(.ARM.Collect$$libinit$$0000002C)
    .ARM.Collect$$libinit$$0000002E          0x00000122   Section        0  libinit2.o(.ARM.Collect$$libinit$$0000002E)
    .ARM.Collect$$libinit$$00000030          0x00000122   Section        0  libinit2.o(.ARM.Collect$$libinit$$00000030)
    .ARM.Collect$$libinit$$00000032          0x00000122   Section        0  libinit2.o(.ARM.Collect$$libinit$$00000032)
    .ARM.Collect$$libinit$$00000033          0x00000122   Section        2  libinit2.o(.ARM.Collect$$libinit$$00000033)
    .ARM.Collect$$libshutdown$$00000000      0x00000124   Section        2  libshutdown.o(.ARM.Collect$$libshutdown$$00000000)
    .ARM.Collect$$libshutdown$$00000002      0x00000126   Section        0  libshutdown2.o(.ARM.Collect$$libshutdown$$00000002)
    .ARM.Collect$$libshutdown$$00000004      0x00000126   Section        0  libshutdown2.o(.ARM.Collect$$libshutdown$$00000004)
    .ARM.Collect$$libshutdown$$00000007      0x00000126   Section        0  libshutdown2.o(.ARM.Collect$$libshutdown$$00000007)
    .ARM.Collect$$libshutdown$$0000000A      0x00000126   Section        0  libshutdown2.o(.ARM.Collect$$libshutdown$$0000000A)
    .ARM.Collect$$libshutdown$$0000000C      0x00000126   Section        0  libshutdown2.o(.ARM.Collect$$libshutdown$$0000000C)
    .ARM.Collect$$libshutdown$$0000000F      0x00000126   Section        0  libshutdown2.o(.ARM.Collect$$libshutdown$$0000000F)
    .ARM.Collect$$libshutdown$$00000010      0x00000126   Section        2  libshutdown2.o(.ARM.Collect$$libshutdown$$00000010)
    .ARM.Collect$$rtentry$$00000000          0x00000128   Section        0  __rtentry.o(.ARM.Collect$$rtentry$$00000000)
    .ARM.Collect$$rtentry$$00000002          0x00000128   Section        0  __rtentry2.o(.ARM.Collect$$rtentry$$00000002)
    .ARM.Collect$$rtentry$$00000004          0x00000128   Section        6  __rtentry4.o(.ARM.Collect$$rtentry$$00000004)
    .ARM.Collect$$rtentry$$00000009          0x0000012e   Section        0  __rtentry2.o(.ARM.Collect$$rtentry$$00000009)
    .ARM.Collect$$rtentry$$0000000A          0x0000012e   Section        4  __rtentry2.o(.ARM.Collect$$rtentry$$0000000A)
    .ARM.Collect$$rtentry$$0000000C          0x00000132   Section        0  __rtentry2.o(.ARM.Collect$$rtentry$$0000000C)
    .ARM.Collect$$rtentry$$0000000D          0x00000132   Section        8  __rtentry2.o(.ARM.Collect$$rtentry$$0000000D)
    .ARM.Collect$$rtexit$$00000000           0x0000013a   Section        2  rtexit.o(.ARM.Collect$$rtexit$$00000000)
    .ARM.Collect$$rtexit$$00000002           0x0000013c   Section        0  rtexit2.o(.ARM.Collect$$rtexit$$00000002)
    .ARM.Collect$$rtexit$$00000003           0x0000013c   Section        4  rtexit2.o(.ARM.Collect$$rtexit$$00000003)
    .ARM.Collect$$rtexit$$00000004           0x00000140   Section        6  rtexit2.o(.ARM.Collect$$rtexit$$00000004)
    .emb_text                                0x00000148   Section       56  rt_memcpy.o(.emb_text)
    .text                                    0x00000180   Section       64  startup_mkl25z4.o(.text)
    .text                                    0x000001c0   Section      364  aeabi_sdiv.o(.text)
    .text                                    0x0000032c   Section        0  heapauxi.o(.text)
    .text                                    0x00000334   Section        0  dfixi.o(.text)
    .text                                    0x000003a0   Section        0  dflti.o(.text)
    .text                                    0x000003f8   Section        8  libspace.o(.text)
    .ARM.__at_0x400                          0x00000400   Section       16  startup_mkl25z4.o(.ARM.__at_0x400)
    _dadd1                                   0x00000411   Thumb Code   290  daddsub.o(.text)
    .text                                    0x00000410   Section        0  daddsub.o(.text)
    _dsub1                                   0x00000533   Thumb Code   470  daddsub.o(.text)
    .text                                    0x00000768   Section        0  ddiv.o(.text)
    .text                                    0x00000bb0   Section        0  dmul.o(.text)
    .text                                    0x00000df8   Section        0  f2d.o(.text)
    .text                                    0x00000e4c   Section        0  fdiv.o(.text)
    .text                                    0x00000fac   Section        0  fflti.o(.text)
    .text                                    0x0000100c   Section        0  dcmpin.o(.text)
    .text                                    0x000010ac   Section       62  sys_stackheap_outer.o(.text)
    .text                                    0x000010ea   Section        0  exit.o(.text)
    .text                                    0x000010fa   Section        0  cmpret.o(.text)
    .text                                    0x00001128   Section        0  dnan2.o(.text)
    .text                                    0x0000113c   Section        0  retnan.o(.text)
    .text                                    0x0000119c   Section        0  sys_exit.o(.text)
    .text                                    0x000011a8   Section        2  use_no_semi.o(.text)
    .text                                    0x000011aa   Section        0  indicate_semi.o(.text)
    [Anonymous Symbol]                       0x000011ac   Section        0  adc.o(.text.Get_Position)
    __arm_cp.1_0                             0x00001210   Number         4  adc.o(.text.Get_Position)
    __arm_cp.1_1                             0x00001214   Number         4  adc.o(.text.Get_Position)
    __arm_cp.1_2                             0x00001218   Number         4  adc.o(.text.Get_Position)
    __arm_cp.1_3                             0x0000121c   Number         4  adc.o(.text.Get_Position)
    __arm_cp.1_4                             0x00001220   Number         4  adc.o(.text.Get_Position)
    __arm_cp.1_5                             0x00001224   Number         4  adc.o(.text.Get_Position)
    __arm_cp.1_6                             0x00001228   Number         4  adc.o(.text.Get_Position)
    __arm_cp.1_7                             0x0000122c   Number         4  adc.o(.text.Get_Position)
    __arm_cp.1_8                             0x00001230   Number         4  adc.o(.text.Get_Position)
    [Anonymous Symbol]                       0x00001234   Section        0  adc.o(.text.Init_ADC)
    __arm_cp.0_1                             0x00001264   Number         4  adc.o(.text.Init_ADC)
    __arm_cp.0_2                             0x00001268   Number         4  adc.o(.text.Init_ADC)
    __arm_cp.0_3                             0x0000126c   Number         4  adc.o(.text.Init_ADC)
    __arm_cp.0_4                             0x00001270   Number         4  adc.o(.text.Init_ADC)
    [Anonymous Symbol]                       0x00001274   Section        0  motor.o(.text.Init_Drive_Motor)
    __arm_cp.0_1                             0x000012b8   Number         4  motor.o(.text.Init_Drive_Motor)
    __arm_cp.0_3                             0x000012bc   Number         4  motor.o(.text.Init_Drive_Motor)
    __arm_cp.0_4                             0x000012c0   Number         4  motor.o(.text.Init_Drive_Motor)
    [Anonymous Symbol]                       0x000012c4   Section        0  timers.o(.text.Init_PWM)
    __arm_cp.0_0                             0x0000131c   Number         4  timers.o(.text.Init_PWM)
    __arm_cp.0_1                             0x00001320   Number         4  timers.o(.text.Init_PWM)
    __arm_cp.0_2                             0x00001324   Number         4  timers.o(.text.Init_PWM)
    __arm_cp.0_3                             0x00001328   Number         4  timers.o(.text.Init_PWM)
    __arm_cp.0_4                             0x0000132c   Number         4  timers.o(.text.Init_PWM)
    __arm_cp.0_5                             0x00001330   Number         4  timers.o(.text.Init_PWM)
    __arm_cp.0_7                             0x00001334   Number         4  timers.o(.text.Init_PWM)
    __arm_cp.0_8                             0x00001338   Number         4  timers.o(.text.Init_PWM)
    __arm_cp.0_9                             0x0000133c   Number         4  timers.o(.text.Init_PWM)
    __arm_cp.0_10                            0x00001340   Number         4  timers.o(.text.Init_PWM)
    __arm_cp.0_11                            0x00001344   Number         4  timers.o(.text.Init_PWM)
    [Anonymous Symbol]                       0x00001348   Section        0  motor.o(.text.Set_Forward)
    [Anonymous Symbol]                       0x00001370   Section        0  timers.o(.text.Set_PWM_Value_Ch1)
    __arm_cp.2_0                             0x00001398   Number         4  timers.o(.text.Set_PWM_Value_Ch1)
    [Anonymous Symbol]                       0x0000139c   Section        0  motor.o(.text.Set_Reverse)
    __arm_cp.3_0                             0x000013c4   Number         4  motor.o(.text.Set_Reverse)
    [Anonymous Symbol]                       0x000013c8   Section        0  motor.o(.text.Set_Stop)
    __arm_cp.1_0                             0x000013e4   Number         4  motor.o(.text.Set_Stop)
    [Anonymous Symbol]                       0x000013e8   Section        0  system_mkl25z4.o(.text.SystemInit)
    __arm_cp.0_0                             0x000013f0   Number         4  system_mkl25z4.o(.text.SystemInit)
    [Anonymous Symbol]                       0x000013f4   Section        0  leds.o(.text.control_RGB_LEDs)
    __arm_cp.1_0                             0x00001450   Number         4  leds.o(.text.control_RGB_LEDs)
    __arm_cp.1_1                             0x00001454   Number         4  leds.o(.text.control_RGB_LEDs)
    __arm_cp.1_2                             0x00001458   Number         4  leds.o(.text.control_RGB_LEDs)
    __arm_cp.1_3                             0x0000145c   Number         4  leds.o(.text.control_RGB_LEDs)
    [Anonymous Symbol]                       0x00001460   Section        0  ir_sensor.o(.text.get_angle)
    __arm_cp.3_0                             0x00001518   Number         4  ir_sensor.o(.text.get_angle)
    [Anonymous Symbol]                       0x0000151c   Section        0  leds.o(.text.init_RGB_LEDs)
    __arm_cp.0_1                             0x00001584   Number         4  leds.o(.text.init_RGB_LEDs)
    __arm_cp.0_2                             0x00001588   Number         4  leds.o(.text.init_RGB_LEDs)
    __arm_cp.0_3                             0x0000158c   Number         4  leds.o(.text.init_RGB_LEDs)
    __arm_cp.0_4                             0x00001590   Number         4  leds.o(.text.init_RGB_LEDs)
    __arm_cp.0_5                             0x00001594   Number         4  leds.o(.text.init_RGB_LEDs)
    __arm_cp.0_6                             0x00001598   Number         4  leds.o(.text.init_RGB_LEDs)
    [Anonymous Symbol]                       0x0000159c   Section        0  ir_sensor.o(.text.init_ir)
    __arm_cp.0_0                             0x000015d4   Number         4  ir_sensor.o(.text.init_ir)
    [Anonymous Symbol]                       0x000015d8   Section        0  ir_sensor.o(.text.init_ir_array)
    [Anonymous Symbol]                       0x00001610   Section        0  main.o(.text.main)
    __arm_cp.4_0                             0x0000173c   Number         4  main.o(.text.main)
    __arm_cp.4_1                             0x00001740   Number         4  main.o(.text.main)
    __arm_cp.4_2                             0x00001744   Number         4  main.o(.text.main)
    __arm_cp.4_3                             0x00001748   Number         4  main.o(.text.main)
    __arm_cp.4_4                             0x0000174c   Number         4  main.o(.text.main)
    [Anonymous Symbol]                       0x00001750   Section        0  ir_sensor.o(.text.read_ir)
    [Anonymous Symbol]                       0x00001770   Section        0  main.o(.text.set_turn_pwm)
    __arm_cp.1_0                             0x000017dc   Number         4  main.o(.text.set_turn_pwm)
    __arm_cp.1_1                             0x000017e0   Number         4  main.o(.text.set_turn_pwm)
    i._dgeq                                  0x000017e4   Section        0  dcmp.o(i._dgeq)
    i._dleq                                  0x000017fa   Section        0  dcmp.o(i._dleq)
    i._dls                                   0x00001814   Section        0  dcmp.o(i._dls)
    x$fpl$dgeqf                              0x0000182c   Section      100  dgef.o(x$fpl$dgeqf)
    x$fpl$dleqf                              0x00001890   Section      100  dlef.o(x$fpl$dleqf)
    x$fpl$fadd                               0x000018f4   Section      140  faddsub.o(x$fpl$fadd)
    _fadd1                                   0x00001901   Thumb Code     0  faddsub.o(x$fpl$fadd)
    x$fpl$fmul                               0x00001980   Section      176  fmul.o(x$fpl$fmul)
    x$fpl$fsub                               0x00001a30   Section      208  faddsub.o(x$fpl$fsub)
    _fsub1                                   0x00001a3d   Thumb Code     0  faddsub.o(x$fpl$fsub)
    ddiv_reciptbl                            0x00001b00   Data         128  ddiv.o(.constdata)
    .constdata                               0x00001b00   Section      128  ddiv.o(.constdata)
    x$fpl$usenofp                            0x00001b00   Section        0  usenofp.o(x$fpl$usenofp)
    fdiv_tab                                 0x00001b80   Data          64  fdiv.o(.constdata)
    .constdata                               0x00001b80   Section       64  fdiv.o(.constdata)
    [Anonymous Symbol]                       0x00001bc0   Section        0  main.o(.rodata..L__const.main.ir_cfg)
    .bss                                     0x1ffff000   Section       96  libspace.o(.bss)
    Heap_Mem                                 0x1ffff060   Data           0  startup_mkl25z4.o(HEAP)
    Stack_Mem                                0x1ffff060   Data         256  startup_mkl25z4.o(STACK)
    HEAP                                     0x1ffff060   Section        0  startup_mkl25z4.o(HEAP)
    STACK                                    0x1ffff060   Section      256  startup_mkl25z4.o(STACK)
    __initial_sp                             0x1ffff160   Data           0  startup_mkl25z4.o(STACK)

    Global Symbols

    Symbol Name                              Value     Ov Type        Size  Object(Section)

    BuildAttributes$$THM_ISAv3M$S$PE$A:L22$X:L11$S22$IEEE1$IW$~IW$USESV6$~STKCKD$USESV7$~SHL$OSPACE$ROPI$EBA8$UX$STANDARDLIB$REQ8$PRES8$EABIv2 0x00000000   Number         0  anon$$obj.o ABSOLUTE
    __Vectors                                0x00000000   Data           4  startup_mkl25z4.o(RESET)
    __ARM_exceptions_init                     - Undefined Weak Reference
    __alloca_initialize                       - Undefined Weak Reference
    __arm_preinit_                            - Undefined Weak Reference
    __cpp_initialize__aeabi_                  - Undefined Weak Reference
    __cxa_finalize                            - Undefined Weak Reference
    __rt_locale                               - Undefined Weak Reference
    __sigvec_lookup                           - Undefined Weak Reference
    _atexit_init                              - Undefined Weak Reference
    _call_atexit_fns                          - Undefined Weak Reference
    _clock_init                               - Undefined Weak Reference
    _fp_trap_init                             - Undefined Weak Reference
    _fp_trap_shutdown                         - Undefined Weak Reference
    _get_lc_collate                           - Undefined Weak Reference
    _get_lc_ctype                             - Undefined Weak Reference
    _get_lc_monetary                          - Undefined Weak Reference
    _get_lc_numeric                           - Undefined Weak Reference
    _get_lc_time                              - Undefined Weak Reference
    _getenv_init                              - Undefined Weak Reference
    _handle_redirection                       - Undefined Weak Reference
    _init_alloc                               - Undefined Weak Reference
    _init_user_alloc                          - Undefined Weak Reference
    _initio                                   - Undefined Weak Reference
    _rand_init                                - Undefined Weak Reference
    _signal_finish                            - Undefined Weak Reference
    _signal_init                              - Undefined Weak Reference
    _terminate_alloc                          - Undefined Weak Reference
    _terminate_user_alloc                     - Undefined Weak Reference
    _terminateio                              - Undefined Weak Reference
    __Vectors_End                            0x000000c0   Data           0  startup_mkl25z4.o(RESET)
    __Vectors_Size                           0x000000c0   Number         0  startup_mkl25z4.o ABSOLUTE
    __main                                   0x000000c1   Thumb Code     8  __main.o(!!!main)
    __scatterload                            0x000000c9   Thumb Code     0  __scatter.o(!!!scatter)
    __scatterload_rt2                        0x000000c9   Thumb Code    52  __scatter.o(!!!scatter)
    __scatterload_rt2_thumb_only             0x000000c9   Thumb Code     0  __scatter.o(!!!scatter)
    __scatterload_null                       0x000000d9   Thumb Code     0  __scatter.o(!!!scatter)
    __scatterload_zeroinit                   0x00000105   Thumb Code    28  __scatter_zi.o(!!handler_zi)
    __rt_lib_init                            0x00000121   Thumb Code     0  libinit.o(.ARM.Collect$$libinit$$00000000)
    __rt_lib_init_alloca_1                   0x00000123   Thumb Code     0  libinit2.o(.ARM.Collect$$libinit$$0000002E)
    __rt_lib_init_argv_1                     0x00000123   Thumb Code     0  libinit2.o(.ARM.Collect$$libinit$$0000002C)
    __rt_lib_init_atexit_1                   0x00000123   Thumb Code     0  libinit2.o(.ARM.Collect$$libinit$$0000001B)
    __rt_lib_init_clock_1                    0x00000123   Thumb Code     0  libinit2.o(.ARM.Collect$$libinit$$00000021)
    __rt_lib_init_cpp_1                      0x00000123   Thumb Code     0  libinit2.o(.ARM.Collect$$libinit$$00000032)
    __rt_lib_init_exceptions_1               0x00000123   Thumb Code     0  libinit2.o(.ARM.Collect$$libinit$$00000030)
    __rt_lib_init_fp_1                       0x00000123   Thumb Code     0  libinit2.o(.ARM.Collect$$libinit$$00000002)
    __rt_lib_init_fp_trap_1                  0x00000123   Thumb Code     0  libinit2.o(.ARM.Collect$$libinit$$0000001F)
    __rt_lib_init_getenv_1                   0x00000123   Thumb Code     0  libinit2.o(.ARM.Collect$$libinit$$00000023)
    __rt_lib_init_heap_1                     0x00000123   Thumb Code     0  libinit2.o(.ARM.Collect$$libinit$$0000000A)
    __rt_lib_init_lc_collate_1               0x00000123   Thumb Code     0  libinit2.o(.ARM.Collect$$libinit$$00000011)
    __rt_lib_init_lc_ctype_1                 0x00000123   Thumb Code     0  libinit2.o(.ARM.Collect$$libinit$$00000013)
    __rt_lib_init_lc_monetary_1              0x00000123   Thumb Code     0  libinit2.o(.ARM.Collect$$libinit$$00000015)
    __rt_lib_init_lc_numeric_1               0x00000123   Thumb Code     0  libinit2.o(.ARM.Collect$$libinit$$00000017)
    __rt_lib_init_lc_time_1                  0x00000123   Thumb Code     0  libinit2.o(.ARM.Collect$$libinit$$00000019)
    __rt_lib_init_preinit_1                  0x00000123   Thumb Code     0  libinit2.o(.ARM.Collect$$libinit$$00000004)
    __rt_lib_init_rand_1                     0x00000123   Thumb Code     0  libinit2.o(.ARM.Collect$$libinit$$0000000E)
    __rt_lib_init_return                     0x00000123   Thumb Code     0  libinit2.o(.ARM.Collect$$libinit$$00000033)
    __rt_lib_init_signal_1                   0x00000123   Thumb Code     0  libinit2.o(.ARM.Collect$$libinit$$0000001D)
    __rt_lib_init_stdio_1                    0x00000123   Thumb Code     0  libinit2.o(.ARM.Collect$$libinit$$00000025)
    __rt_lib_init_user_alloc_1               0x00000123   Thumb Code     0  libinit2.o(.ARM.Collect$$libinit$$0000000C)
    __rt_lib_shutdown                        0x00000125   Thumb Code     0  libshutdown.o(.ARM.Collect$$libshutdown$$00000000)
    __rt_lib_shutdown_cpp_1                  0x00000127   Thumb Code     0  libshutdown2.o(.ARM.Collect$$libshutdown$$00000002)
    __rt_lib_shutdown_fp_trap_1              0x00000127   Thumb Code     0  libshutdown2.o(.ARM.Collect$$libshutdown$$00000007)
    __rt_lib_shutdown_heap_1                 0x00000127   Thumb Code     0  libshutdown2.o(.ARM.Collect$$libshutdown$$0000000F)
    __rt_lib_shutdown_return                 0x00000127   Thumb Code     0  libshutdown2.o(.ARM.Collect$$libshutdown$$00000010)
    __rt_lib_shutdown_signal_1               0x00000127   Thumb Code     0  libshutdown2.o(.ARM.Collect$$libshutdown$$0000000A)
    __rt_lib_shutdown_stdio_1                0x00000127   Thumb Code     0  libshutdown2.o(.ARM.Collect$$libshutdown$$00000004)
    __rt_lib_shutdown_user_alloc_1           0x00000127   Thumb Code     0  libshutdown2.o(.ARM.Collect$$libshutdown$$0000000C)
    __rt_entry                               0x00000129   Thumb Code     0  __rtentry.o(.ARM.Collect$$rtentry$$00000000)
    __rt_entry_presh_1                       0x00000129   Thumb Code     0  __rtentry2.o(.ARM.Collect$$rtentry$$00000002)
    __rt_entry_sh                            0x00000129   Thumb Code     0  __rtentry4.o(.ARM.Collect$$rtentry$$00000004)
    __rt_entry_li                            0x0000012f   Thumb Code     0  __rtentry2.o(.ARM.Collect$$rtentry$$0000000A)
    __rt_entry_postsh_1                      0x0000012f   Thumb Code     0  __rtentry2.o(.ARM.Collect$$rtentry$$00000009)
    __rt_entry_main                          0x00000133   Thumb Code     0  __rtentry2.o(.ARM.Collect$$rtentry$$0000000D)
    __rt_entry_postli_1                      0x00000133   Thumb Code     0  __rtentry2.o(.ARM.Collect$$rtentry$$0000000C)
    __rt_exit                                0x0000013b   Thumb Code     0  rtexit.o(.ARM.Collect$$rtexit$$00000000)
    __rt_exit_ls                             0x0000013d   Thumb Code     0  rtexit2.o(.ARM.Collect$$rtexit$$00000003)
    __rt_exit_prels_1                        0x0000013d   Thumb Code     0  rtexit2.o(.ARM.Collect$$rtexit$$00000002)
    __rt_exit_exit                           0x00000141   Thumb Code     0  rtexit2.o(.ARM.Collect$$rtexit$$00000004)
    __aeabi_memcpy4                          0x00000149   Thumb Code    56  rt_memcpy.o(.emb_text)
    __aeabi_memcpy8                          0x00000149   Thumb Code     0  rt_memcpy.o(.emb_text)
    Reset_Handler                            0x00000181   Thumb Code    12  startup_mkl25z4.o(.text)
    NMI_Handler                              0x0000018d   Thumb Code     2  startup_mkl25z4.o(.text)
    HardFault_Handler                        0x0000018f   Thumb Code     2  startup_mkl25z4.o(.text)
    SVC_Handler                              0x00000191   Thumb Code     2  startup_mkl25z4.o(.text)
    PendSV_Handler                           0x00000193   Thumb Code     2  startup_mkl25z4.o(.text)
    SysTick_Handler                          0x00000195   Thumb Code     2  startup_mkl25z4.o(.text)
    ADC0_IRQHandler                          0x00000197   Thumb Code     0  startup_mkl25z4.o(.text)
    CMP0_IRQHandler                          0x00000197   Thumb Code     0  startup_mkl25z4.o(.text)
    DAC0_IRQHandler                          0x00000197   Thumb Code     0  startup_mkl25z4.o(.text)
    DMA0_IRQHandler                          0x00000197   Thumb Code     0  startup_mkl25z4.o(.text)
    DMA1_IRQHandler                          0x00000197   Thumb Code     0  startup_mkl25z4.o(.text)
    DMA2_IRQHandler                          0x00000197   Thumb Code     0  startup_mkl25z4.o(.text)
    DMA3_IRQHandler                          0x00000197   Thumb Code     0  startup_mkl25z4.o(.text)
    DefaultISR                               0x00000197   Thumb Code     0  startup_mkl25z4.o(.text)
    FTFA_IRQHandler                          0x00000197   Thumb Code     0  startup_mkl25z4.o(.text)
    I2C0_IRQHandler                          0x00000197   Thumb Code     0  startup_mkl25z4.o(.text)
    I2C1_IRQHandler                          0x00000197   Thumb Code     0  startup_mkl25z4.o(.text)
    LLWU_IRQHandler                          0x00000197   Thumb Code     0  startup_mkl25z4.o(.text)
    LPTMR0_IRQHandler                        0x00000197   Thumb Code     0  startup_mkl25z4.o(.text)
    LVD_LVW_IRQHandler                       0x00000197   Thumb Code     0  startup_mkl25z4.o(.text)
    MCG_IRQHandler                           0x00000197   Thumb Code     0  startup_mkl25z4.o(.text)
    PIT_IRQHandler                           0x00000197   Thumb Code     0  startup_mkl25z4.o(.text)
    PORTA_IRQHandler                         0x00000197   Thumb Code     0  startup_mkl25z4.o(.text)
    PORTD_IRQHandler                         0x00000197   Thumb Code     0  startup_mkl25z4.o(.text)
    RTC_IRQHandler                           0x00000197   Thumb Code     0  startup_mkl25z4.o(.text)
    RTC_Seconds_IRQHandler                   0x00000197   Thumb Code     0  startup_mkl25z4.o(.text)
    Reserved20_IRQHandler                    0x00000197   Thumb Code     0  startup_mkl25z4.o(.text)
    Reserved39_IRQHandler                    0x00000197   Thumb Code     0  startup_mkl25z4.o(.text)
    Reserved45_IRQHandler                    0x00000197   Thumb Code     0  startup_mkl25z4.o(.text)
    SPI0_IRQHandler                          0x00000197   Thumb Code     0  startup_mkl25z4.o(.text)
    SPI1_IRQHandler                          0x00000197   Thumb Code     0  startup_mkl25z4.o(.text)
    TPM0_IRQHandler                          0x00000197   Thumb Code     0  startup_mkl25z4.o(.text)
    TPM1_IRQHandler                          0x00000197   Thumb Code     0  startup_mkl25z4.o(.text)
    TPM2_IRQHandler                          0x00000197   Thumb Code     0  startup_mkl25z4.o(.text)
    TSI0_IRQHandler                          0x00000197   Thumb Code     0  startup_mkl25z4.o(.text)
    UART0_IRQHandler                         0x00000197   Thumb Code     0  startup_mkl25z4.o(.text)
    UART1_IRQHandler                         0x00000197   Thumb Code     0  startup_mkl25z4.o(.text)
    UART2_IRQHandler                         0x00000197   Thumb Code     0  startup_mkl25z4.o(.text)
    USB0_IRQHandler                          0x00000197   Thumb Code     0  startup_mkl25z4.o(.text)
    __user_initial_stackheap                 0x0000019d   Thumb Code     0  startup_mkl25z4.o(.text)
    __aeabi_uidiv                            0x000001c1   Thumb Code     0  aeabi_sdiv.o(.text)
    __aeabi_uidivmod                         0x000001c1   Thumb Code    20  aeabi_sdiv.o(.text)
    __aeabi_idiv                             0x000001d5   Thumb Code     0  aeabi_sdiv.o(.text)
    __aeabi_idivmod                          0x000001d5   Thumb Code   338  aeabi_sdiv.o(.text)
    __use_two_region_memory                  0x0000032d   Thumb Code     2  heapauxi.o(.text)
    __rt_heap_escrow$2region                 0x0000032f   Thumb Code     2  heapauxi.o(.text)
    __rt_heap_expand$2region                 0x00000331   Thumb Code     2  heapauxi.o(.text)
    __aeabi_d2iz                             0x00000335   Thumb Code     0  dfixi.o(.text)
    _dfix                                    0x00000335   Thumb Code    98  dfixi.o(.text)
    __aeabi_i2d_normalise                    0x000003a1   Thumb Code    66  dflti.o(.text)
    __aeabi_i2d                              0x000003e3   Thumb Code    16  dflti.o(.text)
    _dflt                                    0x000003e3   Thumb Code     0  dflti.o(.text)
    __aeabi_ui2d                             0x000003f3   Thumb Code     6  dflti.o(.text)
    _dfltu                                   0x000003f3   Thumb Code     0  dflti.o(.text)
    __user_libspace                          0x000003f9   Thumb Code     8  libspace.o(.text)
    __user_perproc_libspace                  0x000003f9   Thumb Code     0  libspace.o(.text)
    __user_perthread_libspace                0x000003f9   Thumb Code     0  libspace.o(.text)
    __aeabi_dadd                             0x00000709   Thumb Code     0  daddsub.o(.text)
    _dadd                                    0x00000709   Thumb Code    26  daddsub.o(.text)
    __aeabi_dsub                             0x00000723   Thumb Code     0  daddsub.o(.text)
    _dsub                                    0x00000723   Thumb Code    22  daddsub.o(.text)
    __aeabi_drsub                            0x00000739   Thumb Code     0  daddsub.o(.text)
    _drsb                                    0x00000739   Thumb Code    28  daddsub.o(.text)
    __aeabi_ddiv                             0x00000769   Thumb Code     0  ddiv.o(.text)
    _ddiv                                    0x00000769   Thumb Code  1072  ddiv.o(.text)
    _drdiv                                   0x00000b99   Thumb Code    20  ddiv.o(.text)
    __aeabi_dmul                             0x00000bb1   Thumb Code     0  dmul.o(.text)
    _dmul                                    0x00000bb1   Thumb Code   558  dmul.o(.text)
    __aeabi_f2d                              0x00000df9   Thumb Code     0  f2d.o(.text)
    _f2d                                     0x00000df9   Thumb Code    80  f2d.o(.text)
    __aeabi_fdiv                             0x00000e4d   Thumb Code     0  fdiv.o(.text)
    _fdiv                                    0x00000e4d   Thumb Code   334  fdiv.o(.text)
    _frdiv                                   0x00000f9b   Thumb Code     8  fdiv.o(.text)
    __aeabi_i2f_normalise                    0x00000fad   Thumb Code    72  fflti.o(.text)
    __aeabi_i2f                              0x00000ff5   Thumb Code    16  fflti.o(.text)
    _fflt                                    0x00000ff5   Thumb Code     0  fflti.o(.text)
    __aeabi_ui2f                             0x00001005   Thumb Code     6  fflti.o(.text)
    _ffltu                                   0x00001005   Thumb Code     0  fflti.o(.text)
    __fpl_dcmp_InfNaN                        0x0000100d   Thumb Code   154  dcmpin.o(.text)
    __user_setup_stackheap                   0x000010ad   Thumb Code    62  sys_stackheap_outer.o(.text)
    exit                                     0x000010eb   Thumb Code    16  exit.o(.text)
    __fpl_cmpreturn                          0x000010fb   Thumb Code    46  cmpret.o(.text)
    __fpl_dcheck_NaN2                        0x00001129   Thumb Code    14  dnan2.o(.text)
    __fpl_return_NaN                         0x0000113d   Thumb Code    94  retnan.o(.text)
    _sys_exit                                0x0000119d   Thumb Code     8  sys_exit.o(.text)
    __I$use$semihosting                      0x000011a9   Thumb Code     0  use_no_semi.o(.text)
    __use_no_semihosting_swi                 0x000011a9   Thumb Code     2  use_no_semi.o(.text)
    __semihosting_library_function           0x000011ab   Thumb Code     0  indicate_semi.o(.text)
    Get_Position                             0x000011ad   Thumb Code   100  adc.o(.text.Get_Position)
    Init_ADC                                 0x00001235   Thumb Code    48  adc.o(.text.Init_ADC)
    Init_Drive_Motor                         0x00001275   Thumb Code    68  motor.o(.text.Init_Drive_Motor)
    Init_PWM                                 0x000012c5   Thumb Code    88  timers.o(.text.Init_PWM)
    Set_Forward                              0x00001349   Thumb Code    40  motor.o(.text.Set_Forward)
    Set_PWM_Value_Ch1                        0x00001371   Thumb Code    40  timers.o(.text.Set_PWM_Value_Ch1)
    Set_Reverse                              0x0000139d   Thumb Code    40  motor.o(.text.Set_Reverse)
    Set_Stop                                 0x000013c9   Thumb Code    28  motor.o(.text.Set_Stop)
    SystemInit                               0x000013e9   Thumb Code     8  system_mkl25z4.o(.text.SystemInit)
    control_RGB_LEDs                         0x000013f5   Thumb Code    92  leds.o(.text.control_RGB_LEDs)
    get_angle                                0x00001461   Thumb Code   184  ir_sensor.o(.text.get_angle)
    init_RGB_LEDs                            0x0000151d   Thumb Code   104  leds.o(.text.init_RGB_LEDs)
    init_ir                                  0x0000159d   Thumb Code    56  ir_sensor.o(.text.init_ir)
    init_ir_array                            0x000015d9   Thumb Code    54  ir_sensor.o(.text.init_ir_array)
    main                                     0x00001611   Thumb Code   300  main.o(.text.main)
    read_ir                                  0x00001751   Thumb Code    32  ir_sensor.o(.text.read_ir)
    set_turn_pwm                             0x00001771   Thumb Code   108  main.o(.text.set_turn_pwm)
    __aeabi_dcmpge                           0x000017e5   Thumb Code     0  dcmp.o(i._dgeq)
    _dgeq                                    0x000017e5   Thumb Code    22  dcmp.o(i._dgeq)
    __aeabi_dcmple                           0x000017fb   Thumb Code     0  dcmp.o(i._dleq)
    _dleq                                    0x000017fb   Thumb Code    26  dcmp.o(i._dleq)
    __aeabi_dcmplt                           0x00001815   Thumb Code     0  dcmp.o(i._dls)
    _dls                                     0x00001815   Thumb Code    22  dcmp.o(i._dls)
    _dcmpge                                  0x0000182d   Thumb Code    94  dgef.o(x$fpl$dgeqf)
    __aeabi_cdcmple                          0x00001891   Thumb Code     0  dlef.o(x$fpl$dleqf)
    _dcmple                                  0x00001891   Thumb Code    94  dlef.o(x$fpl$dleqf)
    __aeabi_fadd                             0x000018f5   Thumb Code     0  faddsub.o(x$fpl$fadd)
    _fadd                                    0x000018f5   Thumb Code   134  faddsub.o(x$fpl$fadd)
    __aeabi_fmul                             0x00001981   Thumb Code     0  fmul.o(x$fpl$fmul)
    _fmul                                    0x00001981   Thumb Code   172  fmul.o(x$fpl$fmul)
    __aeabi_fsub                             0x00001a31   Thumb Code     0  faddsub.o(x$fpl$fsub)
    _fsub                                    0x00001a31   Thumb Code   204  faddsub.o(x$fpl$fsub)
    __I$use$fp                               0x00001b00   Number         0  usenofp.o(x$fpl$usenofp)
    Region$$Table$$Base                      0x00001c30   Number         0  anon$$obj.o(Region$$Table)
    Region$$Table$$Limit                     0x00001c40   Number         0  anon$$obj.o(Region$$Table)
    __libspace_start                         0x1ffff000   Data          96  libspace.o(.bss)
    __temporary_stack_top$libspace           0x1ffff060   Data           0  libspace.o(.bss)



==============================================================================

Memory Map of the image

  Image Entry point : 0x00000181

  Load Region LR_1 (Base: 0x00000000, Size: 0x00001c40, Max: 0xffffffff, ABSOLUTE)

    Execution Region ER_RO (Exec base: 0x00000000, Load base: 0x00000000, Size: 0x00001c40, Max: 0xffffffff, ABSOLUTE)

    Exec Addr    Load Addr    Size         Type   Attr      Idx    E Section Name        Object

    0x00000000   0x00000000   0x000000c0   Data   RO           93    RESET               startup_mkl25z4.o
    0x000000c0   0x000000c0   0x00000008   Code   RO          127  * !!!main             c_p.l(__main.o)
    0x000000c8   0x000000c8   0x0000003c   Code   RO          355    !!!scatter          c_p.l(__scatter.o)
    0x00000104   0x00000104   0x0000001c   Code   RO          357    !!handler_zi        c_p.l(__scatter_zi.o)
    0x00000120   0x00000120   0x00000002   Code   RO          212    .ARM.Collect$$libinit$$00000000  c_p.l(libinit.o)
    0x00000122   0x00000122   0x00000000   Code   RO          230    .ARM.Collect$$libinit$$00000002  c_p.l(libinit2.o)
    0x00000122   0x00000122   0x00000000   Code   RO          232    .ARM.Collect$$libinit$$00000004  c_p.l(libinit2.o)
    0x00000122   0x00000122   0x00000000   Code   RO          235    .ARM.Collect$$libinit$$0000000A  c_p.l(libinit2.o)
    0x00000122   0x00000122   0x00000000   Code   RO          237    .ARM.Collect$$libinit$$0000000C  c_p.l(libinit2.o)
    0x00000122   0x00000122   0x00000000   Code   RO          239    .ARM.Collect$$libinit$$0000000E  c_p.l(libinit2.o)
    0x00000122   0x00000122   0x00000000   Code   RO          242    .ARM.Collect$$libinit$$00000011  c_p.l(libinit2.o)
    0x00000122   0x00000122   0x00000000   Code   RO          244    .ARM.Collect$$libinit$$00000013  c_p.l(libinit2.o)
    0x00000122   0x00000122   0x00000000   Code   RO          246    .ARM.Collect$$libinit$$00000015  c_p.l(libinit2.o)
    0x00000122   0x00000122   0x00000000   Code   RO          248    .ARM.Collect$$libinit$$00000017  c_p.l(libinit2.o)
    0x00000122   0x00000122   0x00000000   Code   RO          250    .ARM.Collect$$libinit$$00000019  c_p.l(libinit2.o)
    0x00000122   0x00000122   0x00000000   Code   RO          252    .ARM.Collect$$libinit$$0000001B  c_p.l(libinit2.o)
    0x00000122   0x00000122   0x00000000   Code   RO          254    .ARM.Collect$$libinit$$0000001D  c_p.l(libinit2.o)
    0x00000122   0x00000122   0x00000000   Code   RO          256    .ARM.Collect$$libinit$$0000001F  c_p.l(libinit2.o)
    0x00000122   0x00000122   0x00000000   Code   RO          258    .ARM.Collect$$libinit$$00000021  c_p.l(libinit2.o)
    0x00000122   0x00000122   0x00000000   Code   RO          260    .ARM.Collect$$libinit$$00000023  c_p.l(libinit2.o)
    0x00000122   0x00000122   0x00000000   Code   RO          262    .ARM.Collect$$libinit$$00000025  c_p.l(libinit2.o)
    0x00000122   0x00000122   0x00000000   Code   RO          266    .ARM.Collect$$libinit$$0000002C  c_p.l(libinit2.o)
    0x00000122   0x00000122   0x00000000   Code   RO          268    .ARM.Collect$$libinit$$0000002E  c_p.l(libinit2.o)
    0x00000122   0x00000122   0x00000000   Code   RO          270    .ARM.Collect$$libinit$$00000030  c_p.l(libinit2.o)
    0x00000122   0x00000122   0x00000000   Code   RO          272    .ARM.Collect$$libinit$$00000032  c_p.l(libinit2.o)
    0x00000122   0x00000122   0x00000002   Code   RO          273    .ARM.Collect$$libinit$$00000033  c_p.l(libinit2.o)
    0x00000124   0x00000124   0x00000002   Code   RO          310    .ARM.Collect$$libshutdown$$00000000  c_p.l(libshutdown.o)
    0x00000126   0x00000126   0x00000000   Code   RO          338    .ARM.Collect$$libshutdown$$00000002  c_p.l(libshutdown2.o)
    0x00000126   0x00000126   0x00000000   Code   RO          340    .ARM.Collect$$libshutdown$$00000004  c_p.l(libshutdown2.o)
    0x00000126   0x00000126   0x00000000   Code   RO          343    .ARM.Collect$$libshutdown$$00000007  c_p.l(libshutdown2.o)
    0x00000126   0x00000126   0x00000000   Code   RO          346    .ARM.Collect$$libshutdown$$0000000A  c_p.l(libshutdown2.o)
    0x00000126   0x00000126   0x00000000   Code   RO          348    .ARM.Collect$$libshutdown$$0000000C  c_p.l(libshutdown2.o)
    0x00000126   0x00000126   0x00000000   Code   RO          351    .ARM.Collect$$libshutdown$$0000000F  c_p.l(libshutdown2.o)
    0x00000126   0x00000126   0x00000002   Code   RO          352    .ARM.Collect$$libshutdown$$00000010  c_p.l(libshutdown2.o)
    0x00000128   0x00000128   0x00000000   Code   RO          167    .ARM.Collect$$rtentry$$00000000  c_p.l(__rtentry.o)
    0x00000128   0x00000128   0x00000000   Code   RO          180    .ARM.Collect$$rtentry$$00000002  c_p.l(__rtentry2.o)
    0x00000128   0x00000128   0x00000006   Code   RO          192    .ARM.Collect$$rtentry$$00000004  c_p.l(__rtentry4.o)
    0x0000012e   0x0000012e   0x00000000   Code   RO          182    .ARM.Collect$$rtentry$$00000009  c_p.l(__rtentry2.o)
    0x0000012e   0x0000012e   0x00000004   Code   RO          183    .ARM.Collect$$rtentry$$0000000A  c_p.l(__rtentry2.o)
    0x00000132   0x00000132   0x00000000   Code   RO          185    .ARM.Collect$$rtentry$$0000000C  c_p.l(__rtentry2.o)
    0x00000132   0x00000132   0x00000008   Code   RO          186    .ARM.Collect$$rtentry$$0000000D  c_p.l(__rtentry2.o)
    0x0000013a   0x0000013a   0x00000002   Code   RO          221    .ARM.Collect$$rtexit$$00000000  c_p.l(rtexit.o)
    0x0000013c   0x0000013c   0x00000000   Code   RO          281    .ARM.Collect$$rtexit$$00000002  c_p.l(rtexit2.o)
    0x0000013c   0x0000013c   0x00000004   Code   RO          282    .ARM.Collect$$rtexit$$00000003  c_p.l(rtexit2.o)
    0x00000140   0x00000140   0x00000006   Code   RO          283    .ARM.Collect$$rtexit$$00000004  c_p.l(rtexit2.o)
    0x00000146   0x00000146   0x00000002   PAD
    0x00000148   0x00000148   0x00000038   Code   RO          117    .emb_text           c_p.l(rt_memcpy.o)
    0x00000180   0x00000180   0x00000040   Code   RO           95  * .text               startup_mkl25z4.o
    0x000001c0   0x000001c0   0x0000016c   Code   RO          121    .text               c_p.l(aeabi_sdiv.o)
    0x0000032c   0x0000032c   0x00000006   Code   RO          125    .text               c_p.l(heapauxi.o)
    0x00000332   0x00000332   0x00000002   PAD
    0x00000334   0x00000334   0x0000006c   Code   RO          146    .text               fz_ps.l(dfixi.o)
    0x000003a0   0x000003a0   0x00000058   Code   RO          148    .text               fz_ps.l(dflti.o)
    0x000003f8   0x000003f8   0x00000008   Code   RO          217    .text               c_p.l(libspace.o)
    0x00000400   0x00000400   0x00000010   Code   RO           94    .ARM.__at_0x400     startup_mkl25z4.o
    0x00000410   0x00000410   0x00000358   Code   RO          129    .text               fz_ps.l(daddsub.o)
    0x00000768   0x00000768   0x00000448   Code   RO          143    .text               fz_ps.l(ddiv.o)
    0x00000bb0   0x00000bb0   0x00000248   Code   RO          150    .text               fz_ps.l(dmul.o)
    0x00000df8   0x00000df8   0x00000054   Code   RO          152    .text               fz_ps.l(f2d.o)
    0x00000e4c   0x00000e4c   0x00000160   Code   RO          160    .text               fz_ps.l(fdiv.o)
    0x00000fac   0x00000fac   0x0000005e   Code   RO          163    .text               fz_ps.l(fflti.o)
    0x0000100a   0x0000100a   0x00000002   PAD
    0x0000100c   0x0000100c   0x000000a0   Code   RO          196    .text               fz_ps.l(dcmpin.o)
    0x000010ac   0x000010ac   0x0000003e   Code   RO          198    .text               c_p.l(sys_stackheap_outer.o)
    0x000010ea   0x000010ea   0x00000010   Code   RO          201    .text               c_p.l(exit.o)
    0x000010fa   0x000010fa   0x0000002e   Code   RO          213    .text               fz_ps.l(cmpret.o)
    0x00001128   0x00001128   0x00000014   Code   RO          215    .text               fz_ps.l(dnan2.o)
    0x0000113c   0x0000113c   0x0000005e   Code   RO          274    .text               fz_ps.l(retnan.o)
    0x0000119a   0x0000119a   0x00000002   PAD
    0x0000119c   0x0000119c   0x0000000c   Code   RO          276    .text               c_p.l(sys_exit.o)
    0x000011a8   0x000011a8   0x00000002   Code   RO          299    .text               c_p.l(use_no_semi.o)
    0x000011aa   0x000011aa   0x00000000   Code   RO          301    .text               c_p.l(indicate_semi.o)
    0x000011aa   0x000011aa   0x00000002   PAD
    0x000011ac   0x000011ac   0x00000088   Code   RO           51    .text.Get_Position  adc.o
    0x00001234   0x00001234   0x00000040   Code   RO           49    .text.Init_ADC      adc.o
    0x00001274   0x00001274   0x00000050   Code   RO           60    .text.Init_Drive_Motor  motor.o
    0x000012c4   0x000012c4   0x00000084   Code   RO           75    .text.Init_PWM      timers.o
    0x00001348   0x00001348   0x00000028   Code   RO           64    .text.Set_Forward   motor.o
    0x00001370   0x00001370   0x0000002c   Code   RO           79    .text.Set_PWM_Value_Ch1  timers.o
    0x0000139c   0x0000139c   0x0000002c   Code   RO           66    .text.Set_Reverse   motor.o
    0x000013c8   0x000013c8   0x00000020   Code   RO           62    .text.Set_Stop      motor.o
    0x000013e8   0x000013e8   0x0000000c   Code   RO          104    .text.SystemInit    system_mkl25z4.o
    0x000013f4   0x000013f4   0x0000006c   Code   RO           38    .text.control_RGB_LEDs  leds.o
    0x00001460   0x00001460   0x000000bc   Code   RO            8    .text.get_angle     ir_sensor.o
    0x0000151c   0x0000151c   0x00000080   Code   RO           36    .text.init_RGB_LEDs  leds.o
    0x0000159c   0x0000159c   0x0000003c   Code   RO            2    .text.init_ir       ir_sensor.o
    0x000015d8   0x000015d8   0x00000036   Code   RO            6    .text.init_ir_array  ir_sensor.o
    0x0000160e   0x0000160e   0x00000002   PAD
    0x00001610   0x00001610   0x00000140   Code   RO           25    .text.main          main.o
    0x00001750   0x00001750   0x00000020   Code   RO            4    .text.read_ir       ir_sensor.o
    0x00001770   0x00001770   0x00000074   Code   RO           19    .text.set_turn_pwm  main.o
    0x000017e4   0x000017e4   0x00000016   Code   RO          132    i._dgeq             fz_ps.l(dcmp.o)
    0x000017fa   0x000017fa   0x0000001a   Code   RO          134    i._dleq             fz_ps.l(dcmp.o)
    0x00001814   0x00001814   0x00000016   Code   RO          135    i._dls              fz_ps.l(dcmp.o)
    0x0000182a   0x0000182a   0x00000002   PAD
    0x0000182c   0x0000182c   0x00000064   Code   RO          174    x$fpl$dgeqf         fz_ps.l(dgef.o)
    0x00001890   0x00001890   0x00000064   Code   RO          176    x$fpl$dleqf         fz_ps.l(dlef.o)
    0x000018f4   0x000018f4   0x0000008c   Code   RO          154    x$fpl$fadd          fz_ps.l(faddsub.o)
    0x00001980   0x00001980   0x000000b0   Code   RO          165    x$fpl$fmul          fz_ps.l(fmul.o)
    0x00001a30   0x00001a30   0x000000d0   Code   RO          156    x$fpl$fsub          fz_ps.l(faddsub.o)
    0x00001b00   0x00001b00   0x00000000   Code   RO          178    x$fpl$usenofp       fz_ps.l(usenofp.o)
    0x00001b00   0x00001b00   0x00000080   Data   RO          144    .constdata          fz_ps.l(ddiv.o)
    0x00001b80   0x00001b80   0x00000040   Data   RO          161    .constdata          fz_ps.l(fdiv.o)
    0x00001bc0   0x00001bc0   0x00000070   Data   RO           27    .rodata..L__const.main.ir_cfg  main.o
    0x00001c30   0x00001c30   0x00000010   Data   RO          354    Region$$Table       anon$$obj.o


    Execution Region ER_RW (Exec base: 0x1ffff000, Load base: 0x00001c40, Size: 0x00000000, Max: 0xffffffff, ABSOLUTE)

    **** No section assigned to this execution region ****


    Execution Region ER_ZI (Exec base: 0x1ffff000, Load base: 0x00001c40, Size: 0x00000160, Max: 0xffffffff, ABSOLUTE)

    Exec Addr    Load Addr    Size         Type   Attr      Idx    E Section Name        Object

    0x1ffff000        -       0x00000060   Zero   RW          218    .bss                c_p.l(libspace.o)
    0x1ffff060        -       0x00000000   Zero   RW           92    HEAP                startup_mkl25z4.o
    0x1ffff060        -       0x00000100   Zero   RW           91    STACK               startup_mkl25z4.o


==============================================================================

Image component sizes


      Code (inc. data)   RO Data    RW Data    ZI Data      Debug   Object Name

       200         52          0          0          0       2302   adc.o
       334          8          0          0          0       2922   ir_sensor.o
       236         40          0          0          0       2297   leds.o
       436         28        112          0          0       2968   main.o
       196         20          0          0          0       2183   motor.o
        80         44        192          0        256       1008   startup_mkl25z4.o
        12          4          0          0          0       2634   system_mkl25z4.o
       176         48          0          0          0       2601   timers.o

    ----------------------------------------------------------------------
      1672        244        320          0        256      18915   Object Totals
         0          0         16          0          0          0   (incl. Generated)
         2          0          0          0          0          0   (incl. Padding)

    ----------------------------------------------------------------------

      Code (inc. data)   RO Data    RW Data    ZI Data      Debug   Library Member Name

         8          0          0          0          0         68   __main.o
         0          0          0          0          0          0   __rtentry.o
        12          0          0          0          0          0   __rtentry2.o
         6          0          0          0          0          0   __rtentry4.o
        60          8          0          0          0          0   __scatter.o
        28          0          0          0          0          0   __scatter_zi.o
       364          4          0          0          0         92   aeabi_sdiv.o
        16          0          0          0          0         68   exit.o
         6          0          0          0          0        136   heapauxi.o
         0          0          0          0          0          0   indicate_semi.o
         2          0          0          0          0          0   libinit.o
         2          0          0          0          0          0   libinit2.o
         2          0          0          0          0          0   libshutdown.o
         2          0          0          0          0          0   libshutdown2.o
         8          4          0          0         96         68   libspace.o
        56          0          0          0          0         68   rt_memcpy.o
         2          0          0          0          0          0   rtexit.o
        10          0          0          0          0          0   rtexit2.o
        12          4          0          0          0         60   sys_exit.o
        62          0          0          0          0         80   sys_stackheap_outer.o
         2          0          0          0          0         68   use_no_semi.o
        46          0          0          0          0         60   cmpret.o
       856         20          0          0          0        208   daddsub.o
        70          0          0          0          0        204   dcmp.o
       160          6          0          0          0         76   dcmpin.o
      1096         26        128          0          0        112   ddiv.o
       108         10          0          0          0         72   dfixi.o
        88          0          0          0          0         92   dflti.o
       100          4          0          0          0         92   dgef.o
       100          4          0          0          0         92   dlef.o
       584         26          0          0          0         84   dmul.o
        20          6          0          0          0         68   dnan2.o
        84          4          0          0          0         60   f2d.o
       348          8          0          0          0        160   faddsub.o
       352         10         64          0          0         92   fdiv.o
        94          0          0          0          0         92   fflti.o
       176          4          0          0          0         80   fmul.o
        94          0          0          0          0         68   retnan.o
         0          0          0          0          0          0   usenofp.o

    ----------------------------------------------------------------------
      5048        148        192          0         96       2420   Library Totals
        12          0          0          0          0          0   (incl. Padding)

    ----------------------------------------------------------------------

      Code (inc. data)   RO Data    RW Data    ZI Data      Debug   Library Name

       660         20          0          0         96        708   c_p.l
      4376        128        192          0          0       1712   fz_ps.l

    ----------------------------------------------------------------------
      5048        148        192          0         96       2420   Library Totals

    ----------------------------------------------------------------------

==============================================================================


      Code (inc. data)   RO Data    RW Data    ZI Data      Debug   

      6720        392        512          0        352      20031   Grand Totals
      6720        392        512          0        352      20031   ELF Image Totals
      6720        392        512          0          0          0   ROM Totals

==============================================================================

    Total RO  Size (Code + RO Data)                 7232 (   7.06kB)
    Total RW  Size (RW Data + ZI Data)               352 (   0.34kB)
    Total ROM Size (Code + RO Data + RW Data)       7232 (   7.06kB)

==============================================================================

